<?xml version="1.0" encoding="UTF-8" standalone="no"?>
<!-- Created by Jyntrax https://github.com/atp-mipt/jsyntrax -->
<svg xmlns="http://www.w3.org/2000/svg"
xmlns:xlink="http://www.w3.org/1999/xlink"
xml:space="preserve"
width="148" height="96" version="1.1">
<style type="text/css">
<![CDATA[
.title_font {fill:#000000; text-anchor:middle;
font-family:PT Sans; font-size:12pt; font-weight:normal; font-style:normal; }
.token_font {fill:#000000; text-anchor:middle;
font-family:PT Sans; font-size:12pt; font-weight:normal; font-style:normal; }
.box_font {fill:#000000; text-anchor:middle;
font-family:PT Sans; font-size:12pt; font-weight:normal; font-style:normal; }
.bubble_font {fill:#000000; text-anchor:middle;
font-family:PT Sans; font-size:12pt; font-weight:normal; font-style:normal; }
.hex_font {fill:#000000; text-anchor:middle;
font-family:PT Sans; font-size:12pt; font-weight:normal; font-style:normal; }
.label {fill: #000; text-anchor:middle; font-size:16pt; font-weight:bold; font-family:Sans;}
.link {fill: #0D47A1;}
.link:hover {fill: #0D47A1; text-decoration:underline;}
.link:visited {fill: #4A148C;}
]]>
</style>
<defs>
<marker id="arrow" markerWidth="5" markerHeight="4" refX="2.5" refY="2" orient="auto" markerUnits="strokeWidth">
<path d="M0,0 L0.5,2 L0,4 L4.5,2 z" fill="#000000" />
</marker>
</defs>
<rect width="100%" height="100%" fill="white"/>
<circle cx="8" cy="16" r="3" stroke="#000000" stroke-width="2" fill="#ffffff"/>
<path d="M72,34 A13,13 0 0,1 72,8 H82 A13,13 0 0,1 82,34 z" fill="#000000" fill-opacity="0.4980392156862745" />
<path d="M69,31 A13,13 0 0,1 69,5 H79 A13,13 0 0,1 79,31 z" stroke="#000000" stroke-width="2" fill="#b3e5fc" fill-opacity="1.0" />
<text class="bubble_font" x="74" y="23">A</text>
<path d="M72,64 A13,13 0 0,1 72,38 H82 A13,13 0 0,1 82,64 z" fill="#000000" fill-opacity="0.4980392156862745" />
<path d="M69,61 A13,13 0 0,1 69,35 H79 A13,13 0 0,1 79,61 z" stroke="#000000" stroke-width="2" fill="#b3e5fc" fill-opacity="1.0" />
<text class="bubble_font" x="74" y="53">B</text>
<path d="M72,94 A13,13 0 0,1 72,68 H81 A13,13 0 0,1 81,94 z" fill="#000000" fill-opacity="0.4980392156862745" />
<path d="M69,91 A13,13 0 0,1 69,65 H78 A13,13 0 0,1 78,91 z" stroke="#000000" stroke-width="2" fill="#b3e5fc" fill-opacity="1.0" />
<text class="bubble_font" x="73" y="83">C</text>
<line x1="28" y1="16" x2="52" y2="16" stroke="#000000" stroke-width="2" marker-end="url(#arrow)" />
<line x1="92" y1="16" x2="121" y2="16" stroke="#000000" stroke-width="2" />
<path d="M37,25 A9,9 0 0,0 28,16" stroke="#000000" stroke-width="2" fill="none"/>
<line x1="46" y1="46" x2="52" y2="46" stroke="#000000" stroke-width="2" marker-end="url(#arrow)" />
<line x1="92" y1="46" x2="102" y2="46" stroke="#000000" stroke-width="2" />
<path d="M37,37 A9,9 0 0,0 46,46" stroke="#000000" stroke-width="2" fill="none"/>
<path d="M102,46 A9,9 0 0,0 111,37" stroke="#000000" stroke-width="2" fill="none"/>
<line x1="46" y1="76" x2="52" y2="76" stroke="#000000" stroke-width="2" marker-end="url(#arrow)" />
<line x1="91" y1="76" x2="102" y2="76" stroke="#000000" stroke-width="2" />
<path d="M37,67 A9,9 0 0,0 46,76" stroke="#000000" stroke-width="2" fill="none"/>
<path d="M102,76 A9,9 0 0,0 111,67" stroke="#000000" stroke-width="2" fill="none"/>
<path d="M120,16 A9,9 0 0,0 111,25" stroke="#000000" stroke-width="2" fill="none"/>
<line x1="37" y1="67" x2="37" y2="25" stroke="#000000" stroke-width="2" />
<line x1="111" y1="67" x2="111" y2="25" stroke="#000000" stroke-width="2" />
<line x1="10" y1="16" x2="24" y2="16" stroke="#000000" stroke-width="2" marker-end="url(#arrow)" />
<circle cx="140" cy="16" r="3" stroke="#000000" stroke-width="2" fill="#ffffff"/>
<line x1="119" y1="16" x2="133" y2="16" stroke="#000000" stroke-width="2" marker-end="url(#arrow)" />
</svg>
