<?xml version="1.0" encoding="UTF-8" standalone="no"?>
<!-- Created by Jyntrax https://github.com/atp-mipt/jsyntrax -->
<svg xmlns="http://www.w3.org/2000/svg"
xmlns:xlink="http://www.w3.org/1999/xlink"
xml:space="preserve"
width="236" height="100" version="1.1">
<style type="text/css">
<![CDATA[
.title_font {fill:#000000; text-anchor:middle;
font-family:PT Sans; font-size:12pt; font-weight:normal; font-style:normal; }
.token_font {fill:#000000; text-anchor:middle;
font-family:PT Sans; font-size:12pt; font-weight:normal; font-style:normal; }
.box_font {fill:#000000; text-anchor:middle;
font-family:PT Sans; font-size:12pt; font-weight:normal; font-style:normal; }
.bubble_font {fill:#000000; text-anchor:middle;
font-family:PT Sans; font-size:12pt; font-weight:normal; font-style:normal; }
.hex_font {fill:#000000; text-anchor:middle;
font-family:PT Sans; font-size:12pt; font-weight:normal; font-style:normal; }
.label {fill: #000; text-anchor:middle; font-size:16pt; font-weight:bold; font-family:Sans;}
.link {fill: #0D47A1;}
.link:hover {fill: #0D47A1; text-decoration:underline;}
.link:visited {fill: #4A148C;}
]]>
</style>
<defs>
<marker id="arrow" markerWidth="5" markerHeight="4" refX="2.5" refY="2" orient="auto" markerUnits="strokeWidth">
<path d="M0,0 L0.5,2 L0,4 L4.5,2 z" fill="#000000" />
</marker>
</defs>
<rect width="100%" height="100%" fill="white"/>
<path d="M21,34 A13,13 0 0,1 21,8 H42 A13,13 0 0,1 42,34 z" fill="#000000" fill-opacity="0.4980392156862745" />
<path d="M18,31 A13,13 0 0,1 18,5 H39 A13,13 0 0,1 39,31 z" stroke="#000000" stroke-width="2" fill="#b3e5fc" fill-opacity="1.0" />
<text class="bubble_font" x="28" y="23">top</text>
<path d="M85,34 A13,13 0 0,1 85,8 H110 A13,13 0 0,1 110,34 z" fill="#000000" fill-opacity="0.4980392156862745" />
<path d="M82,31 A13,13 0 0,1 82,5 H107 A13,13 0 0,1 107,31 z" stroke="#000000" stroke-width="2" fill="#b3e5fc" fill-opacity="1.0" />
<text class="bubble_font" x="94" y="23">line</text>
<line x1="51" y1="16" x2="65" y2="16" stroke="#000000" stroke-width="2" marker-end="url(#arrow)" />
<path d="M108,98 A13,13 0 0,1 108,72 H153 A13,13 0 0,1 153,98 z" fill="#000000" fill-opacity="0.4980392156862745" />
<path d="M105,95 A13,13 0 0,1 105,69 H150 A13,13 0 0,1 150,95 z" stroke="#000000" stroke-width="2" fill="#b3e5fc" fill-opacity="1.0" />
<text class="bubble_font" x="127" y="87">bottom</text>
<path d="M196,98 A13,13 0 0,1 196,72 H221 A13,13 0 0,1 221,98 z" fill="#000000" fill-opacity="0.4980392156862745" />
<path d="M193,95 A13,13 0 0,1 193,69 H218 A13,13 0 0,1 218,95 z" stroke="#000000" stroke-width="2" fill="#b3e5fc" fill-opacity="1.0" />
<text class="bubble_font" x="205" y="87">line</text>
<line x1="162" y1="80" x2="176" y2="80" stroke="#000000" stroke-width="2" marker-end="url(#arrow)" />
<line x1="120" y1="16" x2="138" y2="16" stroke="#000000" stroke-width="2" />
<path d="M147,25 A9,9 0 0,0 138,16" stroke="#000000" stroke-width="2" fill="none"/>
<line x1="147" y1="25" x2="147" y2="41" stroke="#000000" stroke-width="2" />
<path d="M138,50 A9,9 0 0,0 147,41" stroke="#000000" stroke-width="2" fill="none"/>
<line x1="138" y1="50" x2="110" y2="50" stroke="#000000" stroke-width="2" marker-end="url(#arrow)" />
<line x1="106" y1="50" x2="74" y2="50" stroke="#000000" stroke-width="2" />
<path d="M74,50 A9,9 0 0,0 65,59" stroke="#000000" stroke-width="2" fill="none"/>
<line x1="65" y1="59" x2="65" y2="71" stroke="#000000" stroke-width="2" />
<path d="M65,71 A9,9 0 0,0 74,80" stroke="#000000" stroke-width="2" fill="none"/>
<line x1="74" y1="80" x2="88" y2="80" stroke="#000000" stroke-width="2" marker-end="url(#arrow)" />
</svg>
