<?xml version="1.0" encoding="UTF-8" standalone="no"?>
<!-- Created by Jyntrax https://github.com/atp-mipt/jsyntrax -->
<svg xmlns="http://www.w3.org/2000/svg"
xmlns:xlink="http://www.w3.org/1999/xlink"
xml:space="preserve"
width="141" height="164" version="1.1">
<style type="text/css">
<![CDATA[
.title_font {fill:#000000; text-anchor:middle;
font-family:PT Sans; font-size:12pt; font-weight:normal; font-style:normal; }
.token_font {fill:#000000; text-anchor:middle;
font-family:PT Sans; font-size:12pt; font-weight:normal; font-style:normal; }
.box_font {fill:#000000; text-anchor:middle;
font-family:PT Sans; font-size:12pt; font-weight:normal; font-style:normal; }
.bubble_font {fill:#000000; text-anchor:middle;
font-family:PT Sans; font-size:12pt; font-weight:normal; font-style:normal; }
.hex_font {fill:#000000; text-anchor:middle;
font-family:PT Sans; font-size:12pt; font-weight:normal; font-style:normal; }
.label {fill: #000; text-anchor:middle; font-size:16pt; font-weight:bold; font-family:Sans;}
.link {fill: #0D47A1;}
.link:hover {fill: #0D47A1; text-decoration:underline;}
.link:visited {fill: #4A148C;}
]]>
</style>
<defs>
<marker id="arrow" markerWidth="5" markerHeight="4" refX="2.5" refY="2" orient="auto" markerUnits="strokeWidth">
<path d="M0,0 L0.5,2 L0,4 L4.5,2 z" fill="#000000" />
</marker>
</defs>
<rect width="100%" height="100%" fill="white"/>
<path d="M21,34 A13,13 0 0,1 21,8 H31 A13,13 0 0,1 31,34 z" fill="#000000" fill-opacity="0.4980392156862745" />
<path d="M18,31 A13,13 0 0,1 18,5 H28 A13,13 0 0,1 28,31 z" stroke="#000000" stroke-width="2" fill="#b3e5fc" fill-opacity="1.0" />
<text class="bubble_font" x="23" y="23">A</text>
<path d="M74,34 A13,13 0 0,1 74,8 H84 A13,13 0 0,1 84,34 z" fill="#000000" fill-opacity="0.4980392156862745" />
<path d="M71,31 A13,13 0 0,1 71,5 H81 A13,13 0 0,1 81,31 z" stroke="#000000" stroke-width="2" fill="#b3e5fc" fill-opacity="1.0" />
<text class="bubble_font" x="76" y="23">B</text>
<line x1="40" y1="16" x2="54" y2="16" stroke="#000000" stroke-width="2" marker-end="url(#arrow)" />
<path d="M57,98 A13,13 0 0,1 57,72 H99 A13,13 0 0,1 99,98 z" fill="#000000" fill-opacity="0.4980392156862745" />
<path d="M54,95 A13,13 0 0,1 54,69 H96 A13,13 0 0,1 96,95 z" stroke="#000000" stroke-width="2" fill="#b3e5fc" fill-opacity="1.0" />
<text class="bubble_font" x="75" y="87">bypass</text>
<line x1="94" y1="16" x2="112" y2="16" stroke="#000000" stroke-width="2" />
<path d="M121,25 A9,9 0 0,0 112,16" stroke="#000000" stroke-width="2" fill="none"/>
<line x1="121" y1="25" x2="121" y2="41" stroke="#000000" stroke-width="2" />
<path d="M112,50 A9,9 0 0,0 121,41" stroke="#000000" stroke-width="2" fill="none"/>
<line x1="112" y1="50" x2="71" y2="50" stroke="#000000" stroke-width="2" marker-end="url(#arrow)" />
<line x1="67" y1="50" x2="23" y2="50" stroke="#000000" stroke-width="2" />
<path d="M23,50 A9,9 0 0,0 14,59" stroke="#000000" stroke-width="2" fill="none"/>
<line x1="14" y1="59" x2="14" y2="71" stroke="#000000" stroke-width="2" />
<path d="M14,71 A9,9 0 0,0 23,80" stroke="#000000" stroke-width="2" fill="none"/>
<line x1="23" y1="80" x2="37" y2="80" stroke="#000000" stroke-width="2" marker-end="url(#arrow)" />
<path d="M57,162 A13,13 0 0,1 57,136 H93 A13,13 0 0,1 93,162 z" fill="#000000" fill-opacity="0.4980392156862745" />
<path d="M54,159 A13,13 0 0,1 54,133 H90 A13,13 0 0,1 90,159 z" stroke="#000000" stroke-width="2" fill="#b3e5fc" fill-opacity="1.0" />
<text class="bubble_font" x="72" y="151">finish</text>
<line x1="14" y1="71" x2="14" y2="93" stroke="#000000" stroke-width="2" marker-end="url(#arrow)" />
<line x1="14" y1="97" x2="14" y2="123" stroke="#000000" stroke-width="2" />
<line x1="109" y1="80" x2="127" y2="80" stroke="#000000" stroke-width="2" />
<path d="M136,89 A9,9 0 0,0 127,80" stroke="#000000" stroke-width="2" fill="none"/>
<line x1="136" y1="89" x2="136" y2="105" stroke="#000000" stroke-width="2" />
<path d="M127,114 A9,9 0 0,0 136,105" stroke="#000000" stroke-width="2" fill="none"/>
<line x1="127" y1="114" x2="79" y2="114" stroke="#000000" stroke-width="2" marker-end="url(#arrow)" />
<line x1="75" y1="114" x2="23" y2="114" stroke="#000000" stroke-width="2" />
<path d="M23,114 A9,9 0 0,0 14,123" stroke="#000000" stroke-width="2" fill="none"/>
<line x1="14" y1="123" x2="14" y2="135" stroke="#000000" stroke-width="2" />
<path d="M14,135 A9,9 0 0,0 23,144" stroke="#000000" stroke-width="2" fill="none"/>
<line x1="23" y1="144" x2="37" y2="144" stroke="#000000" stroke-width="2" marker-end="url(#arrow)" />
</svg>
