<?xml version="1.0" encoding="UTF-8" standalone="no"?>
<!-- Created by Jyntrax https://github.com/atp-mipt/jsyntrax -->
<svg xmlns="http://www.w3.org/2000/svg"
xmlns:xlink="http://www.w3.org/1999/xlink"
xml:space="preserve"
width="184" height="66" version="1.1">
<style type="text/css">
<![CDATA[
.title_font {fill:#000000; text-anchor:middle;
font-family:PT Sans; font-size:12pt; font-weight:normal; font-style:normal; }
.token_font {fill:#000000; text-anchor:middle;
font-family:PT Sans; font-size:12pt; font-weight:normal; font-style:normal; }
.box_font {fill:#000000; text-anchor:middle;
font-family:PT Sans; font-size:12pt; font-weight:normal; font-style:normal; }
.bubble_font {fill:#000000; text-anchor:middle;
font-family:PT Sans; font-size:12pt; font-weight:normal; font-style:normal; }
.hex_font {fill:#000000; text-anchor:middle;
font-family:PT Sans; font-size:12pt; font-weight:normal; font-style:normal; }
.label {fill: #000; text-anchor:middle; font-size:16pt; font-weight:bold; font-family:Sans;}
.link {fill: #0D47A1;}
.link:hover {fill: #0D47A1; text-decoration:underline;}
.link:visited {fill: #4A148C;}
]]>
</style>
<defs>
<marker id="arrow" markerWidth="5" markerHeight="4" refX="2.5" refY="2" orient="auto" markerUnits="strokeWidth">
<path d="M0,0 L0.5,2 L0,4 L4.5,2 z" fill="#000000" />
</marker>
</defs>
<rect width="100%" height="100%" fill="white"/>
<rect x="26" y="8" width="66" height="26" fill="#000000" fill-opacity="0.4980392156862745" />
<rect x="23" y="5" width="66" height="26" stroke="#000000" stroke-width="2" fill="#90a4ae" fill-opacity="1.0" />
<text class="box_font" x="56" y="23">forward</text>
<path d="M122,34 A13,13 0 0,1 122,8 H151 A13,13 0 0,1 151,34 z" fill="#000000" fill-opacity="0.4980392156862745" />
<path d="M119,31 A13,13 0 0,1 119,5 H148 A13,13 0 0,1 148,31 z" stroke="#000000" stroke-width="2" fill="#b3e5fc" fill-opacity="1.0" />
<text class="bubble_font" x="133" y="23">path</text>
<line x1="88" y1="16" x2="102" y2="16" stroke="#000000" stroke-width="2" marker-end="url(#arrow)" />
<path d="M30,64 A13,13 0 0,1 30,38 H59 A13,13 0 0,1 59,64 z" fill="#000000" fill-opacity="0.4980392156862745" />
<path d="M27,61 A13,13 0 0,1 27,35 H56 A13,13 0 0,1 56,61 z" stroke="#000000" stroke-width="2" fill="#b3e5fc" fill-opacity="1.0" />
<text class="bubble_font" x="41" y="53">path</text>
<path d="M102,64 A13,13 0 0,1 102,38 H160 A13,13 0 0,1 160,64 z" fill="#000000" fill-opacity="0.4980392156862745" />
<path d="M99,61 A13,13 0 0,1 99,35 H157 A13,13 0 0,1 157,61 z" stroke="#000000" stroke-width="2" fill="#b3e5fc" fill-opacity="1.0" />
<text class="bubble_font" x="128" y="53">backward</text>
<line x1="86" y1="46" x2="72" y2="46" stroke="#000000" stroke-width="2" marker-end="url(#arrow)" />
<line x1="14" y1="16" x2="19" y2="16" stroke="#000000" stroke-width="2" marker-end="url(#arrow)" />
<line x1="161" y1="16" x2="170" y2="16" stroke="#000000" stroke-width="2" />
<line x1="5" y1="16" x2="14" y2="16" stroke="#000000" stroke-width="2" />
<path d="M14,16 A9,9 0 0,0 5,25" stroke="#000000" stroke-width="2" fill="none"/>
<line x1="5" y1="25" x2="5" y2="37" stroke="#000000" stroke-width="2" />
<path d="M5,37 A9,9 0 0,0 13,46" stroke="#000000" stroke-width="2" fill="none"/>
<path d="M179,25 A9,9 0 0,0 170,16" stroke="#000000" stroke-width="2" fill="none"/>
<line x1="179" y1="25" x2="179" y2="37" stroke="#000000" stroke-width="2" />
<path d="M170,46 A9,9 0 0,0 179,37" stroke="#000000" stroke-width="2" fill="none"/>
<line x1="170" y1="16" x2="179" y2="16" stroke="#000000" stroke-width="2" />
</svg>
