<?xml version="1.0" encoding="UTF-8" standalone="no"?>
<!-- Created by Jyntrax https://github.com/atp-mipt/jsyntrax -->
<svg xmlns="http://www.w3.org/2000/svg"
xmlns:xlink="http://www.w3.org/1999/xlink"
xml:space="preserve"
width="371" height="100" version="1.1">
<style type="text/css">
<![CDATA[
.title_font {fill:#000000; text-anchor:middle;
font-family:PT Sans; font-size:12pt; font-weight:normal; font-style:normal; }
.token_font {fill:#000000; text-anchor:middle;
font-family:PT Sans; font-size:12pt; font-weight:normal; font-style:normal; }
.box_font {fill:#000000; text-anchor:middle;
font-family:PT Sans; font-size:12pt; font-weight:normal; font-style:normal; }
.bubble_font {fill:#000000; text-anchor:middle;
font-family:PT Sans; font-size:12pt; font-weight:normal; font-style:normal; }
.hex_font {fill:#000000; text-anchor:middle;
font-family:PT Sans; font-size:12pt; font-weight:normal; font-style:normal; }
.label {fill: #000; text-anchor:middle; font-size:16pt; font-weight:bold; font-family:Sans;}
.link {fill: #0D47A1;}
.link:hover {fill: #0D47A1; text-decoration:underline;}
.link:visited {fill: #4A148C;}
]]>
</style>
<defs>
<marker id="arrow" markerWidth="5" markerHeight="4" refX="2.5" refY="2" orient="auto" markerUnits="strokeWidth">
<path d="M0,0 L0.5,2 L0,4 L4.5,2 z" fill="#000000" />
</marker>
</defs>
<rect width="100%" height="100%" fill="white"/>
<path d="M21,34 A13,13 0 0,1 21,8 H42 A13,13 0 0,1 42,34 z" fill="#000000" fill-opacity="0.4980392156862745" />
<path d="M18,31 A13,13 0 0,1 18,5 H39 A13,13 0 0,1 39,31 z" stroke="#000000" stroke-width="2" fill="#b3e5fc" fill-opacity="1.0" />
<text class="bubble_font" x="28" y="23">top</text>
<path d="M85,34 A13,13 0 0,1 85,8 H110 A13,13 0 0,1 110,34 z" fill="#000000" fill-opacity="0.4980392156862745" />
<path d="M82,31 A13,13 0 0,1 82,5 H107 A13,13 0 0,1 107,31 z" stroke="#000000" stroke-width="2" fill="#b3e5fc" fill-opacity="1.0" />
<text class="bubble_font" x="94" y="23">line</text>
<line x1="51" y1="16" x2="65" y2="16" stroke="#000000" stroke-width="2" marker-end="url(#arrow)" />
<path d="M153,34 A13,13 0 0,1 153,8 H181 A13,13 0 0,1 181,34 z" fill="#000000" fill-opacity="0.4980392156862745" />
<path d="M150,31 A13,13 0 0,1 150,5 H178 A13,13 0 0,1 178,31 z" stroke="#000000" stroke-width="2" fill="#b3e5fc" fill-opacity="1.0" />
<text class="bubble_font" x="164" y="23">with</text>
<line x1="119" y1="16" x2="133" y2="16" stroke="#000000" stroke-width="2" marker-end="url(#arrow)" />
<path d="M224,34 A13,13 0 0,1 224,8 H256 A13,13 0 0,1 256,34 z" fill="#000000" fill-opacity="0.4980392156862745" />
<path d="M221,31 A13,13 0 0,1 221,5 H253 A13,13 0 0,1 253,31 z" stroke="#000000" stroke-width="2" fill="#b3e5fc" fill-opacity="1.0" />
<text class="bubble_font" x="237" y="23">more</text>
<line x1="190" y1="16" x2="204" y2="16" stroke="#000000" stroke-width="2" marker-end="url(#arrow)" />
<path d="M299,34 A13,13 0 0,1 299,8 H329 A13,13 0 0,1 329,34 z" fill="#000000" fill-opacity="0.4980392156862745" />
<path d="M296,31 A13,13 0 0,1 296,5 H326 A13,13 0 0,1 326,31 z" stroke="#000000" stroke-width="2" fill="#b3e5fc" fill-opacity="1.0" />
<text class="bubble_font" x="311" y="23">code</text>
<line x1="265" y1="16" x2="279" y2="16" stroke="#000000" stroke-width="2" marker-end="url(#arrow)" />
<path d="M198,98 A13,13 0 0,1 198,72 H243 A13,13 0 0,1 243,98 z" fill="#000000" fill-opacity="0.4980392156862745" />
<path d="M195,95 A13,13 0 0,1 195,69 H240 A13,13 0 0,1 240,95 z" stroke="#000000" stroke-width="2" fill="#b3e5fc" fill-opacity="1.0" />
<text class="bubble_font" x="217" y="87">bottom</text>
<path d="M286,98 A13,13 0 0,1 286,72 H311 A13,13 0 0,1 311,98 z" fill="#000000" fill-opacity="0.4980392156862745" />
<path d="M283,95 A13,13 0 0,1 283,69 H308 A13,13 0 0,1 308,95 z" stroke="#000000" stroke-width="2" fill="#b3e5fc" fill-opacity="1.0" />
<text class="bubble_font" x="295" y="87">line</text>
<line x1="252" y1="80" x2="266" y2="80" stroke="#000000" stroke-width="2" marker-end="url(#arrow)" />
<line x1="339" y1="16" x2="357" y2="16" stroke="#000000" stroke-width="2" />
<path d="M366,25 A9,9 0 0,0 357,16" stroke="#000000" stroke-width="2" fill="none"/>
<line x1="366" y1="25" x2="366" y2="41" stroke="#000000" stroke-width="2" />
<path d="M357,50 A9,9 0 0,0 366,41" stroke="#000000" stroke-width="2" fill="none"/>
<line x1="357" y1="50" x2="264" y2="50" stroke="#000000" stroke-width="2" marker-end="url(#arrow)" />
<line x1="260" y1="50" x2="164" y2="50" stroke="#000000" stroke-width="2" />
<path d="M164,50 A9,9 0 0,0 155,59" stroke="#000000" stroke-width="2" fill="none"/>
<line x1="155" y1="59" x2="155" y2="71" stroke="#000000" stroke-width="2" />
<path d="M155,71 A9,9 0 0,0 164,80" stroke="#000000" stroke-width="2" fill="none"/>
<line x1="164" y1="80" x2="178" y2="80" stroke="#000000" stroke-width="2" marker-end="url(#arrow)" />
</svg>
