iVBORw0KGgoAAAANSUhEUgAAAsMAAADICAYAAAAN1OyoAAAAIGNIUk0AAHomAACAhAAA+gAAAIDoAAB1MAAA6mAAADqYAAAXcJy6UTwAAAAEZ0FNQQAAsY58+1GTAAAAAXNSR0IArs4c6QAAAAZiS0dEAP8A/wD/oL2nkwAAAAlwSFlzAAAOxAAADsQBlSsOGwAAIABJREFUeNrsnQV8FNcTxydYcHcIwd3dikMLxbVY0Rb5FyhSBYrTFgoUaHHX4gSnuEOBAsGdCFYsBJeQ//vN7R6Xy11ySe4uFzJfPstd9vZ2996+N/t7s/PmuQUrSBAEQRAEQRBiIXGkCARBEARBEAQRw4IgCIIgCIIgYlgQBEEQBEEQYgfxXPnkEM7s7e1Nt27d4sXf3/+DKnwPDw/KnDkzZcmShYoUKSK1URCczO7du3n5kKhevTpVrVpVLq4gCEJMFsNbt26llSuX0vr1G+nu3fux4kJkzZqFmjZtRq1bt6by5ctLzRQEJ4nhYcOGfVC/yc3NTcSwIAhCTBXDu3fvom+/7UdHj540rsudOyvlyQMPajry8Ej/QRW+n99/dPPmf3Thgg/duHGTJk2axEuTJk3ot99+o5w5c0oNFQQnUK1aNV5iMrt27aI9e/bIxRQEQYiJYvjp06fUpcvntHz5Gv47a9b01K1bE2ratBoVLJgjVlyI48cv0IoVO2jq1NW0Zs0a2rRpE02cOFGVQzeppYLgBDE8ZMiQGP0bEFYmYlgQBCEGimEfHx9q2LAueXufpxQpktL3339OX3/9GSVMmCBWXYhSpfLzgt/+ww9TaP78TdS9e3e6efMmDR8+XGqqIAg2ocdAx3RxLwiCECvE8I0bN6h8+TIcFwwP8Lp1v1GuXFli9QXJmDENzZ07mKpVK0ldu46mESNGsMcHr4IgCIIgCIJ9ibbUagiNaNSoHgvhWrXK0KFDs2K9EDalQ4dPyctrLMWPH49Gjx7NgwoFQRAEQRAE+xJtnuFOndpxaEShQjlp9epfKVmyxHTq1GX6++8j5Od3l1KmTMaD5+rXr0ypUycP8d0rV/zpwIFT4R6jVq2ylCVLOgoKekeLFm3mQXi1a5cN8zvHjp2ns2evhbvv5s1rUJIkiUKt37fvpDo3b7p61Z+9vAh9qFevIiVIEN+4zZ49J+jGjVvhHgPfGTmyG3333Z/Upk1runjxEqVNm1ZqrSAIgiAIQkwWwzt2bKeVK71Y8K5bN5bc3eMrsfcTLV36d6htEUc8Zco36vOPQwjOzp1HhnucLVt+ZzH86tVr6thxBNWpUy5cMfzXX9to3Lgl4e67Ro3SIcTw6dNXlcAfwQPhAAT8w4eB/D5nziy0bNlIKl26AP89bdpqPk54pEqVjB48+Ju2bz9K27b9Qz179qTly5dLrRUEJ/H27VsaP348xY0bl/r37y8FIgiCIGI46iD+9dtvDTeVH3/swEJx0KBpLIS//LIxDRzYkbJly0ivX79hD2r37r9Shw7DKX/+7FSyZL4Q+/r22/ZUt24Fq8cqWjR3pM9zypRvqUCB7FY/T58+tfE9PMkffdSN3r17R3/++Q21b1+XPd0vX76mxYu3UJ8+E5QQ700nTiwkT8+MNHhwZ86WoQOP+NdfT+Dvde7cwLgeIRLIGfrLL/9jQbxx4wYlircpQV9baq4gOAEM8P3uu+9o6NChUhiCIAgihu0DUob9+683C95evVryuiVL/mZRPG3adyz+AEIE4MVdvHgYVajQlb2pM2b8EGJf+fJl44FmjqBEibxUvnxhm7bt0mUUPX36XIn3aVSpUlHjemTE6NKlIf+Wzz8fRj/9NIPmz/+JBwtaShkHoWzp96AT8Mkn5Wnz5kPspcqVK5fkIBYEQRAEQXCkGH7x4gVt376dLl26RHnz5qVatWpRokSJwtwZZk9r1qwZTxqBx4qWWL16Bb/27NnMmD4NHlSESrx7F6y+5xZiewjSESO6RcnL60iOHDnLS4sWNUMIYVPatfuEt9HDJCIDPMYQwz4+19TrZg6Z0DsOkbkOgpSVlHnY/PPPPzRmzBh+v3btWs5+88svv1CGDBl43YoVK2j69Ol09epVSpIkCTVo0IC9yClTpjTuY8CAAcp2FWV7iol0smfPTlOnTqUdO3Zw2sSOHTuqTvJPdPDgQUqVKhWnU/ziiy84X/DIkSPpypUrlC1bNp4lzx6Tgkh9l/YiCIKNYtjb21uJuxYshHUgiGH8YditkTBhQv4eDH7v3r2pS5culDz5+8FvQUFBtH79Bn7fqFEV43q8h+e3fv1+1K9fG6pSpQSLY51Bgzq5bAHu2HGUX+G5tQZE6x9/DIjScRCjHDduHLp27QbduXOHTpw4QSVLlozUdRCkrKTMo8YPP/zAwrhSpUosaO/fv6/a+B8smnVhqwtmCF/Y1Dx58tDx48f5s71797LgnTZtGhUrVoxatmzJ3/3yyy952/nz51OrVq34OwsXLqR69erR5cuXKUuWLFLfpb3INRMER4theDB0IVyiRAmqWbMmG3OIL6w/efKkVQ8xPBfz5s1jD0q/fv04zg4Nt0+fPuTp6Ulnzpyhe/ce8PTK+fN7Gr/322+9yN//P9qwYT9t2XJY7d+dypYtSNWrl1K94WpWvcJjxixSN4rNFj9DGALidyPL//43VhmcJBY/Q3aIb75px++vX7+ldRayOfRCYUBe8eJ5eYDe7du36cCBA1bFcHjXQZCykjIPn7Jly9Kvv/5Kq1atosaNGxsnsTh8+DCv79ChA/8Onc8//5wqVqyoOu+DlO3507geNvOvv/5icfvq1SvV0Xfn9fAMf/vtt7wvAK8wwp/w3f379/O+QPny5flYf//9N3Xq1Enqu7QXuWaC4GgxDOGrC2E8JowXLx6PqC5YsCCvRyOEl9gSAQEBIf4ODAykCRMm0OTJk/lmAqMO8uUL2YCRlWH9+t/UDeCUuvHs4sFiGDyHZejQWZzGDBNRJE0aUoQ/ePCYM0VYIlWqqPWcb99+YMwGYc79+4+N7xHaYei9O37GvBw5MrMYxs0Yj2b9/PwoceLEEb4OGBWPfezatYs9DDCouM6xEVvK6uXLl3Tq1Cl69OiRWAwrwEZgsNm1a9fo2bNnbD+s3ahtLXN9JjVLx8F38MgYT5uiUoctHSM8Fi9ezAOBzWd4K1OmDAuXZcuWsZdYD2NKly4dC2GgC2EdCGAdeP5Sp05NmTJlMgphAM+xwe7cD/O8IJb0V/wunKPYBrFRgmvaSlxHdI7R3h3VqTE9Fpxo8ePH5w63tXaNp1b2qEPYT9KkSSlr1qxUtWpVfroR48SwHhpRo0YNY2HhFflt8Zhu6dKlkT6YbswzZ7acK7dy5WK8GLYNoK1bj9DEicto5cqdvG7FitEhtv/11/+FyL5gT1av/sWmAXTIJWwukB1F+vSGR69nz56N9I1cx8vLK0rfj02gnPBIW8rLdnBjjmqZI042LBCbay4UnMG5c+f4tXPnzqE+u3jxouqkP2BbBxEMwhrsipuFKQkSJFDtPH2IdbiBAUvi1poY1gWx2AaxUYJgCsK4rIHOvD3qkOl+MJ6iadOm/ETDlQf+hxLDutd3586d3KvQPcO6kG3Tpo1VzzAeByLuTQdekIYNG9LYsWO5J/Lzzz/z+jRpUhi3uXzZT10cb6pdu1wIkZw2bUpq2/ZjatWqFlWs+AV7jB89esK5d12JYsXy8OvRo+fCjBuePHmFuqnFpY4d60fai4y8zPrNFYNq0EEpXLhwhK8DgEcBvcV79+6xhxnA04awGFOv1IeOLWWF3js8dvYYwPShGVU8SYJ3Fnh4eHAIFZ5WFC9enD2dUSlz3bNq6TgQmtgWXo+o1GEY7Igaf3jhcM6Wfp++Lk6cOCF+nyWwjS50TbE2MDY8cuTIwYII54DFUn0V2yA2SnANWwkbho5vxowZrdpKex4LWg7OA4TCWmvX8Ojaow7BUZE7d2523B06dIjHPeCJ2ahRo3hQcYwQwygYiF3ECCNmTo8ZhlcY62fNmmU1ZliPZ7MW6K/PnobwBp1//73IE2JMmPA1ff31Z6FPMF5cKleuEIvNwMBnLieGIYAx2G/Fih2cI9n0JqgTEPCEcykjFvqLLxpH+ljYDyhQoAA/koVXCWUc0esAEG+GBaBhDB8+nObMmcNxiRDbGPEeG7ClrPCYB4vwnh49enBdQX3v2rUrZ0SA0bV3mdt6nMjWYXhbIyqGM2fOTEeO4KnVxFDn/fjxY0qRIkW0XBNdGOlC2DyMQ2yD2CghZtlKRx3Lme3a9FjffPMNh3i6og0JJYYhdDECGoPlIIixAD2bRFjp1eAxwTbWUsDgJgJu3Xof+4ZZ4RAL/OuvC3lgmvlAtHv3Amjdun2cl9jDI73LFSAG2WGyEHh+f/xxKk+QYQqmgsbEIRDyP/zQgTNCRJb//jPE8uCxA3jy5EmkroM5aCwzZ87k1FBt27blEe7o1UXXjFsQKBhRf+vWLV78/f0ddqxjx47xSP78+fMbY/FcFVwntCFkFChSpEi0nce4ceO4jiAmDPGz8FJFBFvrZ0SO46g6rHdudS+LwWbVoZUrV9Ls2bOpb9++xvXPnz+nQoUKsWfX19c30h5eRyK2wbXbliUhEZNsVEwA4U2OEqP2tpWOOpYz27Wr2RCbxTBA+jQ8molonuHw4on1+LiLF32M6+DpHTOmF/XsOUYdty21alWbY3UTJ3ans2ev0/z5GzkeF/HC5l7XOXPW89TM1kA2is8/r2f8+8wZw5TJlujduxVPtKEzcuRcSpcupdV9I3dwzZpl+P3o0T3p0KEzLOh37DhGHTrUUxUggzJkd9UNc70qy0uq/MrQgAFto3Sx9MwVyZIli9J1sAYaz6JFizi+58cff+QbpjNjfLZu3apExlJav34j3b1732nHRZaTmEbWrFnUdWrGOUj1ganOAAPkUDfQFlFXImPcbamfkT2OveswHj1D1EL8YqAL9tu+fXsevIScwhCXWId0h4iJQ4YIeD1cUQjHdNswb8p82rpjCz165thBYpnSZ6IWn7VwetuyRJ8+g9g+xUQb5arAtiB1YUywlY4+ljPbdXTbkEiJYQDhCyVvTxDfmi5dWo4TvnDBx5herUePphwvjMwRCxZs4kWnVKn8qgCH8Wx05hw44M2L9d/gHkIMwyM9b95Gi9sihZupGN648UCYvwUTaOhiGJ7t3bun8PnPnr2OevUaZ3IzTc7TLyNXMkI+IgsyW0BUI8YQN2VbRHFkaNSoEfecEQ6Dm/uCBQscXgl3795F337bj44efd+xyZ07K6fgy5w5nUs+EYgeL9F/Smz9x23nxo2bNGnSJF5gVDChgzMMC+rE69ev+REc6oorHseedRghD3j0CIGLiW7QoYddROgY/h48eDAbdpAmTRoWyaYZIj4kosM27Ny+i77q8hWd9z333oFCqdWShpLxP/vk231Cgbw8oPt0+7/bxrbVuFFjGjd+XLTctCGA165dpO4b7lSpEmZnjUNC5AkOfqf0wq8syPC43tJ4m5hoK13JXrqiDYmyGHYEeCzXoEFDjh3x8tqrxHB7k0Kqwgviia9c8Vc9HDfy9MxkzKBgSqdO9XmxlcSJE6qGcNimbX/7rTcvEQXp4caO7UVjxnzF53/z5j0lWtOwoLMUR2wKpmAO7/x27jzGIRfZs+cwZvnA4xBHgBs8rtHq1at5hq3wnghElqdPn1KXLp/T8uVr+O+sWdNTt25NVM+xmsXpqoX3IMUe4tSnTl1Na9as4WnOEcParVs3hx0TAy9QJ1CfUUdc+Tj2rMPI+4uYN5yX/nQLA1IQboAYYcTAYf+YIMM8XREG+FkCjzGxmINH/+YgrWV4mSSchTNtQ8tPW9HmvQbHCERvCSpNeakApaV0Dv2Nd+gWXaBzdIKO0lqvtdy2Jk2e5NC2ZYlevX5kAVe6dHeqXn2YGD078OrVYzp8eCJ3YNetWxfjbaUr2ktXOlZEcHpXEy5yMGXKKp6G2RxkmsCAuTJlCloUwq4OHo9CAEPgIp9yeELYVhASAhBro6PHYNsbZKrAAD3ki0Xyf0cAkVCpUlkWwilSJKWff+5Jly+vZA+6COHwwRMTxKdfvLicOnb8lL0C8EhiwISjQF1AnUDdQB1x5ePYuw7D62ueBg3Ac4zJbzCoNTbk43WWbSietzgLYXdKSNWoFnWj3lSRqjhcCIOMlJmP+SX1oiJUnF6/eePwtmXOvn0HaPfu9eTunow++migGDw7gbJ0d09K69ev585sTLeVrmovXeVYLi2GMa0obh6+vndo8uTl0jptABk3MDMfUupgMgMdDKhwFHqifz13qT3BPsuVK03e3udZ+B4/Pp++//5zp0xc8qGBPNeYkGbu3EEchjNixAiHeSL0uqDXDUdhr+M4sg7HZhxtG4oXKE5Xb19l4dtJSdLyVJnikfM7GkkoKX1KjdXSSN0o4zi0bZnTu/f3/FqhQn9KkiSdVDp7XVNVlhUqGFJ76eFNMdlWxlR76Yq22eliGJ7TMWPG8PvRo+fTtWs3pYWGAR6Pfv/9n/yKVHf6TC4Y2KMn9XcEeDSL9EwYIW9P8PizUaN6PEAOgwoPHZpFuXJlkQsdRTp0+JS8vMZS/PjxVLsazQOO7A3qAuoE6oYjwaA0HCeqnb18+fLxfpCDVYgZtqFWxdoU8CKAslNOak9dKSWljvbfC+9wM2qtbpZxOU+qI9qWKV5eG+jkyf0s3CpW7C8Vzs6gTJMkSUtXrlxxWIovZ9nKmGovXdE2R8tzPeQubt68OY/QbtjwGxZEyZIlllZqgbFjF9G2bf9wOrUKFSoY11eqVMmhx8XECci/am2ClcjSqVM79ggXKpRTifwOtGbN7lDbIFSmSJHc5OmZ0eI+1q/fz6nqMCmLOchHvXPncc7kgYlb8ub1oPr1K3MKPB1v7yt04sRFm863RYuaHHO+efMh+u+/hyw6dZYv36EM0Stq0+Zji4MjX79+Q0uX/q3EflbjzIohjdhrtd+D7Pm/e/ch5cyZhapUKaGMdcjUTtgH9hUe2bNnppEju9F33/2pzqk1Xbx4yZjb2x5g5jXUCUy840gwgxuOE9Xk70hDZY/9CM6xDS0+bUlXb1+htJSemlIrSkDu4X7nId2nm+TPg+qyUtiPiJ/RU7pMFylAfesdBfPwu9yUlwfjhUcuykNVqAbtDt5GrZq3oivXr9i1bem8e/eO+vc3eCyrVBlECRKEHhfy7Nl/SizPp4cPL1O6dAUpR44adPv2CSWGGlPChBHLcY39pEqF6Xk/CnM7H5+9FBBwg4oV+9wuv/Ps2eXqXFMq21iH/752bbv6XfeU3W/t8PqLMq1SZbCyvX2UvRxJX3zxhd1DnJxlK2OqvXRF2xxtQW5z587ltG3IGdm06Xe0atUvIQSLQLRp00EaOHAae9ORMQA3IQAjbBou4Qj0GXGiOq2uKTt2bFcdIC+eSW/durFK6C+madNWh9FpKkPTp38fynM8ZMgMVXf8QojhFy9eUatWA1koWxLXc+YMUh0vg8HfsGE/l6ttHbcyLIZHjZpLBw+eDiGG+/QZT3fuPCBf37sc6xza0/WCJ5RBTK+5GIaQ7tXrN2PuaGQdQcYQgNzbS5eO4HXgq69+M34WFpitEd/bvv0od6CQ7WD5cvuFIul1wZ6zJQkxD0fYhu3bttOWvZspofrXnFrbJITBHtqh5O15SqqEbU/qy+EMFkUfHVNbbqU3FLJTuYP+puJUij6meuQWzoPS8lSRbtA1uvH0KvXo0ZNWrLB/mN+8eYvp6tXTykZm54Fz5rx9+5Jmz66o7MFVcndPThkyFFUd5We0c+cgZSfOR1gMr13bkYoWbReuGD52bLoSsMvsJoa3bPmahbwuhg8dmkD+/oedIoYByvbQofF065YPz4xr7/AXsZUxj2gTw8iE4OXlxXkccfOuUKGrEki/ySNzo1HcSF27juZk/1WqVDEOnIMwrlu3rsPzmFauXJm90UePHuUJBKI6CABhHt9+a3jk9+OPHdgL+r5jNFgZjUwmvcZnnG1k7twN6jy+VOcwlzNNhMU330xmIdy3b2vq378NZcmSjj2vO3YcpW7dfqGWLX9UBmoRD2pEjuiKFYuGOF6jRt9QpUpFaeTIkDegdOnCH8Q5YsQcFtpFi+a2qSwwGBLXFqkF588fwuEi8CxDGI8ePY8mTlxGDRr0p337pvMATLSLN2/eGr8/a5YXLV68VW3XL8QxMeAU9QID69CmNm7coETxNqpdu3aU6wPqAOoC6gTqhhB7cYRt6NW1F7+vQB9RSrJt4PRzekZX6BLloFx0na6y1zcfFQi13S3yVzJ4I6WnjEr0fkqZCbbHjR7QPdqt5DCEMrzElSi8GdzceGDdPCWI169dZ7e2pYNBsD/+aBikV736cIobN/QYilu3jrMQLleul7oPTOJ18NpWqzZUddrTxtg6hTkGsmd33gx6KNvq1UfQmjWf0++//84TQOjOJrGVsZNoTVyIXhOmNcUkH+fOXaeSJT9XN/IFFrNMxBbgaWzTZih17jyShTCm2KxRo4bxcxhfZ+S8RLoTZP7AYzsMHIkqSE/077/ePJNgr14tzXrp+Tn7hr5AWM6ePVAZqb5cHv37Twx3/wglKF48L40f34eFMMCAvE8/rcT7evXqDU+AAnAOpseDCAbwIJuux4KptsMC38F1wmQupoLVGsh13bv3eA4B2b9/Bk/nrYdYQMziN7dvX5e90EuXbuP1OD/Tc0LKQVC8eJ4Q6/UsHCVL5uP9Pn/+QpXHeE7IHlVQB1AXUCdcJRWOED04wjZc8L1AySkFlaJyNn/vLHlTkPpXnepQQkrEqdAscZ7OULD6h8FwmSkri1puu5ROrWnBx/3XynfNyUiZKCflpldvX9mtbelMnDiN7t69QRkyFGFxaIlXrwxPiLJkeV9Onp5VVPsfEqPFcJEibZSd+9bpAjxDhsKqc/HQroPpxFbGTKI9F5CnpycdOHCA51vHI90ffphCf/yxgrp3bxqr8s0ib+zixX/T9OlrWMQghumTTz5RQrG0cZtSpUqFiBt2NEiKvWzZMs4JWL9+favJvDFTU7NmzcKc4nX1akMam549m9mcNaJXrxbsBV29ejc9fvyUU7BZAx0oiFJ4mcy95jVqlFa/pSvPbGhv8CSjatWSHNv988/z6aefuoS5PSZlefbsBYtePQzCHIRcpEyZVIn2DJE+r86dG3Ccs4/PNfW6mUMmIvs0AU9wUAcSJEjAdUIQ7GkbFs9eYujEUZkIZY04peQvvMjpKQPlp4J0UknaR/QgVAzwGzJ0Ut+pf+bEVf9qKDEdqP7h8zg2+IeKUgm6Rpfp8tnL4bYtW34/wODBUaNG8vuaNUdbnGDjwIGxdPXq3/z+339ncpxtlSoD6d6983T+/Gr+XrJkho4y7OCJE3Po1Kn5ynb6cUhFoUIt1f2jL8WPH7YH1M/vIIcQIA4Zg/jKl+9r8zV5/fop/fPPH3Tp0gYKDDQMjs+YsTh7shHbbA2ESTx6dJXq1fvDuO7Bg0u83td3H4eC4LzhPf7oox8pefL3aQ5v3/5Xlc0YunXrmBKhQZQ+fWEqU6YH5clTL8xzRRnXrPkzLVnSgCeBGDRoUJTjwMVWihiOEgiZgGHFTE8wLOfPn6fBg6fz4umZWVXqrDwLmbUBVTGRoKBgnl4Zs4pdvOhLd+7cM36GnKV16tShVKlSaY3WjQcdOnrQnDnwQCMzwYABA6hdu3ZW5ztHhosWLVqwp793797csUmePLnJbw2i9es38HtMrGIr+N3w7J4+fZU9pXXrWu8IYL/wDjdr9gOLaMToIrMCwOuQIV0dVk7Dh3+pft8+dTObx+dRrFgeq9sibAPAc2uNvHmz0aRJURtFjg5A3Lhx1A3zBk8VfOLECU5pGFGQmB7XHp4O1AVXmj7TnuzatctlJraILBiQEhNtw+a/DRNr5CHbR8Mj9OE+/WcMbUDGh5N0XMnj4yxuQ7QntV+EQqyl5ZyrOA/lo0T0XhDmp0IR+u3ZKQfHF/vc9A23bYX3+997E8cp0XpPdYArq/ZfP0Lnc/euN508OU/ZvO+MYtjLqxMPjsud+xMqXrwjPXlyk/bsGa5E6nrq2HE3xYuX0OK+Ll5cr+7FTVRnPAcVLvwZe6K9vDpbHMhnzrt3b2n+/JqqTE7yMXPmrE0vXjwkb+9FfNwuXQ5SlixlLX4Xwh4xw7oYvnv3tBKVlVT5peI44njxEinRf5aOHZvGHYKvvrpAceLE447AnDmVeRAgvMsQuOfOrVT18VNq2XIFFSzYPMxzRlmjzH1993OoRFSmaY4ttlLEsBPAyEKMwsTgupkzZyoRdJp8fG7x8qEDAwkRXKRIkRDJ/ZFCDTHCppNtOBMYCKSgmTZtGns3MJUiks97eHiEuG7z5s3jnIH9+vXjHjGMfp8+fdjzj2lF7917wJOR6FNw23zj0WKJMaNfWEyZ8g1nZEB2CiyYERCe4OrVS/EThgIFsjusjODpnjfvJ9VZ+YIHzP3zzxyjEDfnxo3bPCAvvBjoqAKvM8JG8MTh9u3b/PQlImLYz8+PZ12DlwPGHZMOoC58qOzZs4cXwfm2IeBZAHtz05DtXjkl/9BdViLYMDA1C3lQavX902o9sj6YepgR1oBQCgy220RevC4dZVDf8FSf5FHiNpdNHmFje1dSOgNlpDvvboXbtsL7/eDevXs0efI4fl+r1i9Wj1up0jfs9YRwxAAwiFVLXLiwloUwxLHp/pBtAiLx4MHfOFOFOegMbtr0lboXedCXXx7lbA+gcOFW6p5cNdwnS/BO37z5j7pfTaRy5d7P4lqwYDP+Ps7Lmhg2Z9++UTxYsFOnPTyYUAcZII4cmcSCO3Pm0kojLKE3b15Q+/bbjB2BChX60cSJuZSwXxeuGNbLHIIaDjlcnxw5IvY0OrbZShHDTqRTp07UoUMHDkLHLDHofT958oTTcXxIYPaqZMmS8ZIhQ8hH4liH4HuESdhrFrvIglyMuXLlooEDB/LjJCwI1yhUqBAv5omzcZ0mTJigDPxkaty4MQ+SBBi8FuEKqsXTPn/+MsztkKFix44/aNeu47Rq1S6evhpeWCyDBk3jLBDTpn3nsIk9MGti//5tacyYhewhRliGZe9JsNMmF8kdpUnfAAAgAElEQVSRIzOLYUwXjAVGO6xBIngSAXFy9uxZOnToEK/D4z7kVoUH8EOkevXqIW7yzvSuOgpnjmC3l21IY0N6Mx1khEAcsAdlC5GHuCgVp920nS7QWSpMIbO3lKOKVIAKcZwxBtvBs3yP7tK/9A/HDjekZixwbSWl+odpmw8fPhxm2woICAjz90M0zZ79F7148UTZxwaULVvUn/7BExs3bvxQghdhA+nTF1ICcqlFMXz79nF6/NiXatQYaRTCAJ7T7NmrkY9P2J1FZIbo2vUwZ7gI2TE3OHJevnxs82+oU+c3qlhxQAghbLovPXYaM/SBI0cmqrr0NSVNmpFDQr799p7Nx0KZo+zhFYdn15ZBkbHRVooYjiYgAMuVK8eLv78/p2GDwYEoxoKRtx8KaES6KIZXBfk7LU39Gp2ggWNAAHrOmFMcBgALPB/hCYj79+/za+bMEY/HevDgsSZ2k9q0PTzBWAAG323depjGjVtC8+dvpPjx49LMmY6bdUgPl0BGiMaNq/BAPXMyZEjNeYXfvg2ymJvYnujTmd+8eZMuX74c7nUyvZYYCa1f7w/5cR8GqGIRotc2IDWarVykc/SKXnK87356v3/kEQYn6FgoMQwwUA7ZKrC8Vf/8yVdJ6lNq8aZltJC6US+e/tkWEpMhDSjEUFQ6UfAsz5s3TYtfHW2X63Hv3jmC1xyxsOY8eXLbKCRD29pL/IqUZ+ZkzFgsXDEMAZ0pU0kOY4CH+OHDK2qfFznkwYDtYUiICY4b113Zytn8ex49ukb//XeG98l70kKaSpTowiEi+/f/ygvikyH6ER+Nc7YVlP2lSxu5c3Pw4MFwt4+NtlLEsAsAYehq4jA2goa+YMECmjFjBj9SRicFAz9SpkxJa9euNW6HaaMRPzh27Fh+FIg8juz9SZMiwseEcGSvTxhpy86evUbHjp3n+GJMtPHegKdhj3CrVrWpVKkOShBvoilTvrUawhBVkHkC4RIVK3blcIktW34PtQ3iiXGu8NjCm2wJPGobMGAyi/oGDSKfmgfecoBOFow3BocULlw4jO1TsmcEbQ0CUZ/tMDYxZMgQaejRYBtMY3jDw1vJXcA5fyl0Noeb5Ed36Q57eiF64UVGCIYhk4R+44vHs9xhwSA8iGqkZrMkoi22dU0043cjtZy1tnXy5Mkwf/+wYcNUx/gVe18RAmEPsD8MNjP3qhraeHbNxrzlmFtTgoIMOZjhVQ4lFOKFnxUBQnvhwjosWuGhhTDOnr06Z4lYsaJVhH4DBuCtXNma3rx5psR5IVW++ZUN/4KeP7/PAwmNnZLEaahbtxN07twKDotACMm+faN5wUC7mjVH2eg4KEweHiXJ1/cYP9FAnHfYtlVspYhhIdaDhv/xxx+HMPjA2iARfYSu7uW13cMRwLmDMXAyrEFp+/efou7df+V8xZjgIvT5JuB0Y0jfh0wOukh0BGXLFlRCti39+utCGjlybqjPMcAOGSX++mubVTGMCTMmTFjKMdBREcMBAU/4NVOmTFSmTBk23Lg2guBqtuEF2Ta1M2aP8yUfHvSGtGjmIERiLa1g7/AnVJ9TqiFOOJuSva2pg2VnCxlinOFtthV9W4zzCKttIeQvrN+PcMDRo3/mDA4QkfYQxIidxcC1hg1nKcEb8ukTQhWsTcyRIoWHZjd8LAjd8Mft7Nr1E/+GZs2WhJg849Gj6/waHPzOpvOHUPfy6sLn2aOHN6VK9T6GF/HO5vuCYMbEIVjgMfbzO8CD/vbv/4Vjl5MmDT8rD87bz+84Z3FCmARmpcucObM06FhEHCkCIapgbnTEdmMwTd++fUONltaNCnLs2gpSqbVpM5hjhb///vMwB29gumV4ZYcNm0U+PndCe4pu3uNwCUwB7UghrDNs2JecEnDq1NCz69WrV5HP488/V9KWLYdDfQ4B3KvXOA4T6tv3syidhz67HR7jGW5oT6SyCi5pG56SbXXTMHAuWEnhohY/R0YKeJnPqS1fqX/x1b8clFvJ5xscEhGaYG2fhkF4toIJP2xpW+H9fojkHj26s7jbscM+IVyI3X35MoC9paZguuMJEzxoxozSFr/n4VGJQx0Qc2yaWQVhFZcvb7RJUMKrjBCFEB2UC2uMItcWnj69y1NOe3hUDCGEcU4XLniF2NeSJfXp999zcOo1gPsEvOwIlUCZItWbLezY0Yv3jzE68Pru2LFDGm8sQzzDQpRZunRpmJ/rIS4XL/pY/HzQoOnK6L0XqZh6GAPhnjx5zmEO3bo1CXP/mGRj6NAvOEd1oUKteVpieGjhET5x4hItXLiZ97VkyQinlIchXGIwVaz4hTLaIT9DurMlS4ZTtWo9lIjvx55ihHcghOTUqcsskg0z0fVQhrlAlM4DqfsMnqJkUkkFl7YND9S/8Aimd5wtAmI3F1kOm0IccWEllI/SYR4sh9zFSLWGAXMbaA2HWOSivGoPiZWcfcaeZAyEQ+7gjGS7JzCAAmxqW+H9foDBh7Nnz+EBXL6+B6I8iK5s2V4ca7tunSGsAOnVMGvdzp2YfOiJxcFzLAbiuVONGiNo06ZetHLlZ5zD+M2b57Rt27csrsMjc+ZSnB5t+/bvqEyZ/7FgPXt2OYcswENtLVbZHIRYJE+eRQnwTZyBAnHAEPLw9N66ddQo0EHRou051nf58uZUtepP/F2kSUOOZWSuSJ06V7jHQx7jixd3cwjLRx99JI1WxLAgOAbE0qVLl1YZNz9l3HxCpVfD1MumQBhiuuROneqzsLUFeI8RToFMDpjuGItOxYpF6Ndfv+Lcw86iTJmC9M037XgiDnMQ/3z06DyeQnrDhgM8qYgOcgxjmuXPPovaNK/oUJw8eYnix4/PYRIiigVXtQ1pUqWhB48gh++HmV4NWSCeUCAL3DhkffAphC3EMEIlsG1aSkcdqCvtom10hS6TL914L7woGVWj2lSWbJ/M6CW94JjkePHs07bSpUtHAwb05wFY27d/T50774tSmSZKlIpTkm3Y0IOFrQ7CJ5o1W8wp1qwL6a9YxO7ePYyFLMiTpy6VLNmVjh+fEeZxMb0xBuEdPDiOF4NALk3t2//NgvrGjT0WY5XNgXBu3vwvWrWqDf31VxPNiQCPcyvOVjF9einV0d/BKd+wIAMGUrHNnl2Rt4V3OE+eT6lBgxk2ldf27YY0cMiConv6kddfiF24Bcf0TPNCjACxcsjD+Msv/6Pvvmvv0GMh1vjKFT9KkCA+C2TTQXWuxosXr7iT8OjREyWEPdTN1T5Tqq5cuZNatPiR0161b28o7/z586vORSuXrysQBRhYhNeoDGiz134E59iGalSLylNlhx7rLb2hR/RQydkXlIJS8hJRLtA5nsDDnm0Lgw1z5MhJ9+/fozZt1kd44g3r9uUhe4URf5smTV6bvwePMDI3YIrnZMkyR/C33OXvIg2aLfG61kCYw/37FznfcJo0ecKc+AOD/zCDHcIiUqXKxR0CW7h0aS0tWdKERTByPyOzU8GCBcMdQCf20jXO2Z5IzLDgFJB6BkyZsoqnTnYk6dKlVL38IlSqVH6XFsIGL447e4qrVi1hNyEMdM+46WQtMiBEcGXb8C8d5ewPjiQexecJNzCgLjJCGOjZLOzZtjAL6+DBhvAFxA7bOtgsfPuSmrJkKRMhIQyQjQL5giMqhA2/JQOHekRFCAOkm0uXroCyiyXCnQEPnmNknIAn2lYhbIjTNuQErlKlCgthjNWoUaOGNMpYiIhhwSnUq1ePZ2ny9b1DkycvlwJxIEhHh8F5iIErUaKEcT28V4LgkrahREkKpMd0nI649Lneodt0ja44pG1h5jJPz+ycl9fbe7FUDAfj7T1PlfVVHjCHgXMA1zRNmjRSOCKGBcExII5rzJgx/H706Pl07dpNKRQHgKin77//k1/Lli1rzH+Jab0RmygILmkbxhpswyHaRwH0yFVbF+1x286vjmhb8EyOGDGc3yNNWVDQa6kcDgJlu2uXIXsHZqGMGzcuj6+QCXhEDAuCw8GghObNm3P+24YNv+EMD4J9GTt2EecpRgwcBoToVKpUSQpHcHnb8FL9W0lL6TW9crlzPEwH6XrwVYe2rbZt21LhwkWUjbxBx45Nk4rhII4dm6jK+C5lyJCBihY1pOlDB0cGGYsYFgSnMHfuXDY+mDWuadPvKDDwmRSKndi06SANHDiNPW1NmjShxIkNs3phYgPTR7qC4Mq24T79R6tpGecJdhWu0mXa67bT4W0LMas//2yYlnnv3pE258kVbAdlunfvKGMnDNcUXv7KlStL4YgYFgTngIEiXl5e3CPfvv0oVajQla5elZCJqDJv3kb2tr99G8S5MvXBPTD0devWDXPSEkFwNduAaZYX0iyecS66Oe12kla5LaV3wc5pW/Xr12dhhty6eooywX4cPDhCle1jnkY7b17DwEKUt0ypLGJYEJwKZl06cuQIe4EwRXLJkp/TL78scHiWiQ+RO3ceUJs2Q6lz55EUFBTEMW+mo6ExtWjOnDmloIQYZxvu0z2a6zaDDtN+h2eZsMQzekqb3NfSxmAvJYTfObVt/fLLL/x66NA4FsWCna6pKstDhybz+1q1DDnsERpRrlw5KRwRw4LgfDw9PenAgQPUsmVLDpXA7HG5czejkSPnskAWwub48QvUr98kypWrOS1duoUHgMCjhMEgOqVKlQoR2ygIMc02vAp+SbtpO02PM4kO0l4WyA7vYNIt2u2+nWbEm0zer05SvHjOb1uIQ27QoAHPGIcJJQT7sG/fj6pMX1C+fPnYMwzQyYkXT+Yfi+1IDRCiDTwWXbZsGfXo0YN69uxJ58+fp8GDp/Pi6ZmZ8uTJSh4e6XnijNhOUFAwT6/s5/cfXbzoS3fuvBcFBQoUoDp16lCqVIb8mnhsi1g4GTQnfEi2YS/t5CVV/NSU2i0NJQ1KRsmCkkf5WG7qLhgYL5CeuAXSw+D7FICph19Ff9saPXo0bdy4kQfSubun4Ly7QuRBXuFjx+YZryFAGjUZTyGIGBZcgmrVqtG5c+d4AM3MmTPp9OnT5ONzixfBMsmTJ+cbdZEiRShr1qzG9UjzhDhG0wkBBOFDsg2Pnj7kWeTsxlttcbG2hamq27VrRwsWLKA9e4ZLZbATxYoVo/Tp0/N7hL1g0GJspU2bNpwzG+0sICCA1508eZI6depEr169oiVLlogYFgRngwbYoUMHOnr0KK1YsYLu3LlDT548ocDAQCkcRYoUKTi+DQsGGZmCdRgEguTxsdm4C2IbPqS2NXLkSGNc8vHjx/k3C1FD9wRj1kBMvRybQWYUhCPNmzfPuG7t2rX8unx57JocS8Sw4FLgZoPBDFj8/f3p0qVL5OfnxzcBLK9fyyA7JOfXb9weHh48ItrUgyUIYhs+jLaFcxgyZAi/v3btGi1cuFAqgp3QQyViM5gKHYNWb9y4EWI91unTpIsYFoRoBjchEXmCK7B7925eBMeDgWrhzQQWG20DPMS6MBYEe4CB171796Z+/fqFWI91+EzEsCAIghBCDA8bNkwKwglggJNMiysIzqFLly40dOhQY8gRYoixLrYhYlgQBMFGMNAEi2B/du3aRXv27JGCEAQnggGjXbt2pfHjx/PfjRo14nUihgVBEASrYlgeVTuG4OBgEcOCEA306tWLJk2axO9//fXXWFkGIoYFQRAEl0GPzZZOhyA4BwyYQ2YJ/b2IYUEQBEEQBCFWYT6ITsSwIAhCNII8r4hhi2psbtq0aXkfsTH+TRCE2AFyZMPOYTa9qPDy5Ut+KoPJNmLjAFbJzi8IgkuBgVSPHz+OskHGqGgY9wsXLkihCoLwQQL7BjsHexcV9Iw5sTWFpHiGBUFwGZD8fc2aNcb3UYlf07976tQpKVgngCmTz549S7/99psUhiA4Cd2+xdZYX3shnmFBEFyGyZMn09u3b3nB+6iAKXSTJEnCU/j6+vpK4TqYzp07071796QgBMFJwK7BvsHOwd4JIoYFQYjhIOn7rFmzjH9Pnz7dmAg+MiRKlIinFH337h2NGDFCClgQhA8K2DXYN9g52Dsh8kiYhCAILsHs2bNDiN9nz57xur59+0Z6n5hZadmyZTRnzhyqX78+J5S3ROvWralZs2acXsjWaUgR2wzBfvz4cfZkp06dmho3bkwDBgwIcWNC/PPo0aPp77//5t9Xo0YNGjx4MKcOwzFxXjrLly+nGTNm0NWrV8nT05N++OEHun79Oi96/s8///yT7t+/Tx999BF9/fXXlDBhQt5/rVq1+Dzw+dKlS+nu3buULl06/m3IIxovXkhzv2TJEu58YN94xDpo0CCOP7x58ybvT+fEiRM0ceJEOnLkCA+ySZYsGX388cd8bvjNCGfRZ+c7cOAAderUiUemFylSxFhOv//+O3l7e3NcI37/wIEDKUuWLFLpBSGSrFu3ju1aggQJ2M4JUUM8w4IgRDtBQUHGpO+mYB0+iyw5c+ZkYQfvSbt27fgGYgkIyhYtWlDu3LlpwoQJ4XqkFy5cSDVr1mTR2rZtW+rQoQPv46effuJMGKaCHqIV+yxdujSfw7Fjx3jdvHnz6PTp08ZtR40aRa1ataLnz59Tx44dycPDgxo0aMDrV69eHUKE47s436dPn9KVK1dYwKOcGjZsyJ0HfBf7yJcvH33zzTcs0lEGOhDiOO/Xr1/zdpkzZ6a6devSzz//TGvXrjVut3PnTipfvjz9888/LNyxLUQs4oJxrPCAsIdIh2DGb8fvWblyJZcFyk4QhMgJYbRftGnYN9g5IWqIZ1gQhGgHYg+CyRysw2cQfpGlf//+LBinTZvGnl/EtkK0QjDqIDURBCaOB68mPC1dunShPn36sIfWFMyUBs8mhOb+/fuNo7ghMMuVK8cDALGNm5sbjRs3jgUvBCDEJIAHtnbt2iHimK9du8beVQhMfD9OHIOfAhk1vvjiCxbp5uWC3wVRCkEbP358/n2bN29mLyzOW6d69er8WzDADa+XLl3iGygera5YscJ4LMQc9uzZM0QqOpQTPMH4nfAC6zRv3pxWrVpFd+7cYa8y9o3yq1SpEr8H8DD37t2bf8PWrVv5HMFXX31FJUqU4FecryAItuHn50fDhw9njzCEcPfu3dkOCCKGBUH4AIAAhNcRolR/LA9vZsqUKfmzqIhhMHXqVMqVKxeLWIQGYKlQoQIVKlSIF3MhDs8wvLkYxIfzQC5PUzEMcQdvrGk6I4hfeGgwoAUCFZ/99ddfVLBgQaMQBhCFEMSmUw9DWL5584ZDD3RxCiBercU7/+9//+NXPCYFixYt4tzKCIkwBWEL3333HZ8L9gdhjnAKlIXpsbp160YjR44M8d358+ezd9tUCANdnCMEJGPGjBbPDyEfyFmK4+hCGKBzgeuJa/Dw4cNQ+8a1QHonlLMgxHZSpUpFZ86c4Uwthw4dMrZ5PDFCSFZMoU2bNmwTYeMDAgJ43cmTJ9k+wU4gbEvEsCAIsRpTQ4gYVlC8eHG7TsmLGwe8ofD6wtuMGwsWGOeI5NaEgCxQoAB7WOGFhdcZj/wRO6xnU4DXBgu2wTHNKVq0aIi/9VzIhQsXDrEeAhuxtxcvXgyxHkLcPJXSuXPnWOQifMMcxPrq+9CPhU6A+e/C8eF90kEHwt/fn6ZMmcK/Bb8TqZz0bUxDL8zB+QCIYXOR7ePjw9+9fPkye9PNxbAuiAUhtmNqn5A1QrdhMS00Ak/lWrZsyU+QdPSQLHScoxsRw4IgxBpwA1mwYAHHssIzC6GHuFt4oE1jZeHBQMjC2LFj2ZNpPkAF3lqsg4cGohLiFo8vN27cSBs2bOBtIEwRxwtBa0lQmwLPiC5+w9sW4Ljm22If8CJZyjeKdbiRRvRYCHnAo1gIV/xOeLkRRgIvlWnmD0vox4Gg1r3XpueD8AlLswPiMyxRnYFQED4EYJsQb581a1ZuMxibEBOBiEe7Nn8Kh3WWHAYihgVBEBwMbijIiKCDx3W6YUacK8IJrE3jDCEIjzWyIsDDbLodwicAHvFDACIuGR5Vc8zXQTDq6xFPawq8p7aQKVMmzhihx+yagnAGPdTD9Fjmnmis00M/EMKAGOK8efPSjh07KH369MbtbMnwgfMBCNEw94Sbno8lMQwhbM+nAoIgRC94mgXbis60KVhnawYfRyLZJARBiPUgjACDyRDyAKFnTQjrYhhiF5kRTLeDeNy7dy+/h1cYYKAZwgr27dsXYh/mE4ogphie2j/++CPEeqRjs3U66Tp16rCYNY1F1sU0YolxvvqxgPmx4NXGQD4dlAXKBdkgTIUwPL6bNm0K8Tv5ZhInToi/cT4AXnhT4GXGZxDdT548kconCLEEcycDbADWuQLiGRYEIdaDvLy2As8thB/iaJF2LEOGDByP+/333/NgM4ABeDD6P/74Iw9YQy5hPeUZwjGQsswUeE579OjB+3z06BELV4hRpJazNZk+Bt8hpzIEOHISI4sEhDg8s/rnoFSpUpyhAjmSHzx4QJ9++imfPwS66SNYZMtImjQplw3OX48fRo5kxPzqv1MHA+HwuzBYEcdG7PInn3zCvwlectz0UD7IsIFUbYjhRqYKQRBiB7CJSD05fvx4/ht538NyPDiTuEMlW7MgCC4EBovAu4lH5a4SN2p6TohvQwgAMkBA6CHzBfJ+fv7552zosb5YsWI8ADBx4sQ8cARxcosXL+Z4YsQtI74Yg0aQ27dixYp8DAhHeEoQaoFQBwhV3DQwEA1eYz17BL4Hby8GppmCsAMI28OHD7PXF+cFcYz1iJNGWIdOvXr1OKRiy5YtfCyM7sb2CBfBOSBOGMIYYRQQ70jbhs8hjBFeggFx2Ge2bNmM1wjecniX169fz9km0FFAWWGCkJkzZ7LY1if5gEDHPkxjlPUylphhQfhw7S462ZgYCG0fdhMx0a6AeIYFQRAiyJdffknt27fnEAaIxzx58hjTh2HGN53bt2/zhBYQpaYgBhfo4QcIF0BqNXiSsZiCSTP0OF8AT7M1IF6RExhZLZD5AV7rHDlyhNgGx0I4Azy8WExBWjZ95jiAQYS3bt3i3wmxi9+pe6rNU59B4MK7jXARPTczOgMQ0hD1OB98BzHIMXUQkCAIUQMdXTgI9PeugohhQRCESABRaD7YzRwkxIdnFRNQINODDryx8PbqacXgzUUcLTwmGLRmKpoxOQdydEYETMOMxRKIX4YHGbG8CJfQgZcY4t10HYDINxXIYYFHnpYee0IU27oPQRA+bMwH0YkYFgRB+IDBRCIIa0DIAHJswiOKR5Hbtm3jWeLgJQWYnhnvEUeLBPuY8hgeWYQiwHsC77C9wCNQeJq//vprDouA5xpiHRNsYL0tmSIEQRAiCwbmIiwDg3GRLk7EsCAIwgcMvL0QvpjNDjPEAQhdTKeKmZd0IJLhsUUcLbzBz58/Z8+zPnW0+SxtUQFeWoRS4FgY8PbixQteh9APHMtVYvgEQfgwgRDG9PN4OiZiWBAEIRaAzApYwgPxw8ge4QwwhbJ5ajVBEITYiuQZFgRBEARBEEQMC4IgCIIgCIKIYUEQBEEQBEEQMSwIgiAIgiAIHzYygE4QBMFGdu3aFWqyCcE+YIS5IAiCiGFBEAQXBjmCsQiCIAgihgVBEGINSI2GnJg64sV0HK40RasgCCKGBUEQBAUSw7tKcnhBEARBxLAgCEK0MmTIECmEWA5ix729vXnabCz+/v6htvHw8ODprjHrYJEiRaTQBEHEsCAIgiDEbLZu3UrzpsynrTu20KNnj2z+Xqb0majFZy2odevWVL58eSlIQRAxLAiCIAgxh53bd9FXXb6i877njOtSUWq1pKFk/C95qO88oUBeHtB9uv3fbZ5uG0vjRo1p3PhxlDNnTilYQRAxLAiCIAiuy9OnT6nlp61o895N/DdEbwkqTXmpAKWldDbv5w7dogt0jk7QUVrrtZY2bdpEkyZPom7dukkhC4KIYUEQBEFwPXx8fKhmhZp09fZVcqeEVIEqKxlcXt04I37rzEiZeSmjvr+bttPpN6eoe/fudPPmTRo+fLgUtiCIGBYEQRAE1+HGjRtUomAJCngRwB7g5tSaUlLqKO83CSWlT6kxZaPstJnW0YgRI3gwHl4FQYgeZDpmQRBcirRp01K1atUoefLkUhhCtIDQiFoVa7MQzk45qT11tYsQNqUIFadmSmDHobg0atQoHpgnCNFFihQp2O6mSZNGxLAgCEJ04+7uzpNaXLhwQQpDiBZafNqSrt6+QmkpPTWlVuSu/jmCXJSHqlAN9gy3at6K7t+/L4UvRAuwt7C7sL8ihgVBEKIZfQayU6dOSWEITmf7tu20Ze9mSqj+ITQiATlWHJSnipRdyeLHTx9Tjx495QII0YJub2PrDJAihgVBcCkqV65MSZIkoaNHj5Kvr68UiOA04KHt1bUXv69AH1FKSuWEo7pRNarFr+vXrqNt27bJhRCcCuws7C3sLuyviGFBEIRoJlGiRNS0aVN69+6dDCoSnArSnV3wvUDJKQWVonJOO25GykQ5KTe9evuKxo8fT9euXZOLITgN2FnYW9hd2F8Rw4IgCC7A0KFDKUGCBDRnzhzy8vKSAhGcwuLZS/i1JJWJVPq0qFCUSvDr5bOXafPmzeylNicoKIhWrlzJs9gJgj1Yt24d21nYW9jd2IqIYUEQXA7MzDV69Gj2VrRr144NtiA4EgjNzX8bJtbIQ/mdfvzslIPc1C3Z56Yv3blzh06cOGH8LDAwkCZMmEC5c+emFi1aUMKECeWCCXYRwm3btmU7C3sbm2dElDzDgiC4JP3796crV67QtGnTqEmTJtS5c2f66aefyMPDQwpHsDtnzpyhgGcBPL1yGkrr9OMnpESUgTLSnXe36Pbt23TgwAFOczVx4kSaPXs2C2IdpMAShMji5+fHE73AIwwhjMlfYG9jMyKGBUFwWaZOnUq5cuWigQMH0qxZs3ipUKECFSpUiJAjyEUAACAASURBVJeAgAApJMEuXL58mV8hhaOLlOofpm3GhB+HDh2ifv360du3b0NtB6/x9evX5aIJNpMqVSru8J09e5brFkBoBHJcDxgwINaXj4hhQRBcGhhqDOxAPNvq1avZkGOBdwx5MQXBniSlZNF27MSUhF9fvnzJr5bihgG8xYIQEUztJbJG6DY1NodGiBgWBCFGAYO9YMECmjFjBu3Zs4f8/f15ljB5XCzYi3379tGOHTsokZKk0YU7GWKBERPcsmVLno3x6tWrXO+fPXtm3K5x48ZUvHhxuWiCzaRMmZLHX2TNmpWqVq0qcecihgVBiKnAgH/88cdSEILdmTlzJovhF/Q82s7hFb001nP9FanW4MFD3PCkSZM4hALCZsiQIXLRBEHEsCAIgiDYh8yZM/PrU3oSbefwnAzeXzzGBk+eGM4lefLk1LdvX+rduzetWbOGVq1aJRdMEEQMC4IgCIL9wONj8ED9iyxzaJr6P5g6U49IfT+ADANCkyWzHLccN25cat68OS+CINgPyTMsCIIgxHoKFy5MaVKloUcsh+9Hah+B9JiXyPCSXtBdukPx4sWnTJkyhSmKBUEQMSwIgiAIdgVe10ZNGvH7y3QhUvvoTr0pAblH6rs36DoF0zvy9MymBLHhoW3SpEnlwgiCiGFBEARBcA5INwX+paP0lt5G8NvB9A8dohyUK1LH9ibDjHOYZU5Hj2MWBEHEsCAIgiA4nHr16lHJEiU51OE4HYngt90oGSWnmvRJhI97h27TNbpC7u7uVKJECeP6/Pnzy0URBBHDgiAIguAc3NzcaMzYMfz+EO2jAHoUoe+XoNKUQP2LGMG0x207v5YtW9aYVi116tSULl06uSiCIGJYEARBEJxHzZo1OVvDS/VvJS2l1/TKocc7TAfpevBVTqeGqcZ1KlWqJBdDEEQMC4IgCILzmTt3LhUtWpTu03+0mpYpOewYQXyVLtNet53skW7SpAklTmyY/Q4zz5mGSwiCIGJYEARBEJwGsjh4eXlRhgwZ6AZdo4U0iwLooV2PcdrtJK1yW0rvgoPoo48+Mg6cgzCuW7cuvwqCIGJYEARBEKKF7Nmz05EjRzQP8T2a6zaDDtP+SGSZCMkzekqb3NfSxmAvJYTfUdWqValGjRrGz2vXrk05c+aUCyAIIoYFQRAEIXrx9PSkAwcOUMuWLelV8EvaTdtpepxJdJD2skCOCHfoFu12304z4k0m71cnKV68uFS/fn2qXr26cZtSpUqFiBsWBME5yHTMgiAIgmAFhEwsW7aMevToQT179qTz588rKbyTl1TxU1NqtzSUNCgZJQtKHuJ7buruGhgvkJ64BdLD4PsU8DKA9NDjAgUKUJ06dShVqlSGbd3ceOCeDJoTBBHDgiAIguCSVKtWjc6dO8eD62bOnEmnT5+mR08f0iNrscRvtUUjefLkLIKLFClCWbNmNa5HCjXECJtOtiEIgohhQRAEQXBJOnXqRB06dKCjR4/SihUr6M6dO/TkyRMKDAwMtW2KFCkoWbJkvGAwnilYV7lyZSpdujTFiSMRi4IgYlgQBEEQYggQr+XKlePF39+fLl26RH5+fiyKsbx+/TrE9gkSJDCKYg8PD8qbN28I77AgCCKGBUEQBCFGAlErwlYQYngHV4pAEARBEARBEDEsCIIgCIIgCCKGBUEQBEEQBEHEsCAIgiAIgiCIGBYEQRAEQRAEEcOCIAiCIAiCIGJYEARBEARBECIGJqPBjI5p0qQRMSwIgiAIgiDELi5cuEC7d+8md3d3EcOCIAiCIAhC7OLUqVP8mj17dhHDgiAIgiAIQuzB19eXjh49SkmSJKHKlSuLGBYEQRAEQRBiDyNGjKB3795R06ZNKVGiRCKGBUEQhLAJCgqilStXUuvWraUwBEGI0axbt47mzJlDCRIkoKFDh7rUucWTyyMIguBaBAYG0uzZs2nSpEl048YN6tixoxSKIAgxWgi3bduWvcKjR4+mnDlzihgWBEEQQuPj40MTJ05kIQxBrIM0RIIgCDENPz8/Gj58OHuEIYS7d+9O/fv3d7nzjHFi+OXLl7Rnzx7y9/enJ0+eUEBAgNQ2QRBiNBkyZKCdO3fS2rVr6e3bt6E+P3HiBF2/fl0KShAElydVqlR05swZOnv2LB06dIjXITRi1KhRNGDAAJc85xgjhq9du8YxJqtXr6Znz57xOnhLkKtOEAQhJtO1a9cwP4e3WBAEISZgqs2QNQKD5aDfXC00IsaJ4d9++40GDhxIr1+/5r8rVKhAhQoVosKFC8vjQ0EQPoibR9WqVY1hEjNmzDB2+kHjxo2pePHiUlCCILg8KVOmpHbt2lHWrFnZriVMmNDlz9nlxXCPHj1o2rRpFCdOHPae/PTTT+Th4SG1TRCEDw5PT08aP348e1FMB9Dh5jJkyBApIEEQhNgmhseNG8dCOGnSpLR48WJq2LChXDFBED54kidPTn379qXevXvTmjVraNWqVVIogiAIsU0MI0b4xx9/ZI/wokWLRAgLghDriBs3LjVv3pwXQRAEwTG47KQbeEyIGOHOnTtTo0aN5EoJgiAIgiAIsUMMv3jxgrNGwCs8ePBguUqCIAiCIAhC7BHD+/fv55HUZcqUoWzZsslVEgRBEARBEGKPGMboaVCsWDG5QoIgCIIgCELsEsOYZQ55N/Pnzy9XSBAEQRAEQYhdYvjBgwc8e0lgYKBcIUEQBEEQBCF2iWFBEARBEARBEDEsCIIgCIIgCCKGBUEQBEEQBEHEsCAIgiAIgiCIGBYEQRAEQRAEEcOCIAiCIAiCIGJYEARBEARBECJGPCkCIbrw8fGhefPmSUHEEDp27Eienp5SEIK0eWmnUt+kjokYjs0EBweTt7c33bp1ixd/f3+XP2cPDw/KnDkzZcmShYoUKeIy59VjaA/aPG+zVKoYgq+vL82ePVvacwxA2ry0U0Hqm9QxEcN2Z+vWrTRvynzaumMLPXr2KMb+jkzpM1GLz1pQ69atqXz58tF2HteuXaMti7cQxVd/fK2WuFLHXJYgIrff3WjhwoU0cOBAypkzp7RnafPS5qWdujRS36SOiRi2Izu376KvunxF533PGdelotRqSUPJ+F9yl/8NTyiQlwd0n27/d5smTZrES+NGjWnc+HHRUqG/GvEVBb8JJmqn/hgo9czVCb4dTG8WvaFRo0bFaI/Ah9Cepc0LH3o7lfomdUzEsIvw9OlTavlpK9q8dxP/jZtkCSpNeakApaV0MfZ33aFbdIHO0Qk6Smu91tKmTZto0uRJ1K1bt+jpsQ+QuhYjUNfJ7S83mj9/PnXo0IGqVKki7VnavLR5aacuidQ3qWMRRbJJWABB98XzFucbpzslpGpUi7pRb6pIVWL8jTMjZebf8yX1oiJUnF6/eUPdu3enn376yfk99lbqj+xS32IE6joFfxZMQUFBNGjQIGnP0ualzUs7dVmkvkkdEzEcRW7cuEHFCxSnq7ev8o2yk7qFlKfKFO8Dc6InoaT0KTVWSyNVCeLQiBEjaPDgwc7rsSN+K6laflHLydhWydSyXy33YqBHIJ4bHTx4kPbu3SvtWdp8xNp8TPTSHdfaarD2d7D293EbvntP29ZH2qkzEa+wBS5odfGJ1LEYJYbTpk1L1apVo+TJnRu/h0eptSrWpoAXAarzk5PaU1dKSak/6DYCT1Ezaq0qQlyOAcLAIqf02IPUH9M0MfxPLDNM89VSXy37xCMg7TkWtfmY6KXrobXVN9rfb7W/vzTbDklIvjZbt1vbdqG0U2ciXmELjNXq4gWpY9ZwSfeIu7s77d69m/LmzevU47b4tCVdvX2F0lJ6aqpaUgJyN352jk4r/RYU5vcLUmF1e4lHN8mPHtIDi9skpESURh0htfo/LPzJV+3FhwLVP3d1JukpI+WmfOpdglDb+tB1tdVjfl+YipKblT7OI3VW2K/hXIuoczUMr81FeagK1aDdwduoVfNWdOX6Fe6QOKTHvmiL4Y9kaplCGL1EVEBsVYxBixfTPQKuHC+mt2cMkMuvavxLeqHakrvZVsF0hrzV/8HcDhJTkhCfvlL/LtF53kdWysbtB+0on6q0CULty8B5tUcIzXxaxX6ljnzJhrtQBtXG0c7BDbrGA+AsgXOElzuFkvamPKdndJUuh3uczJTFuW3+Q/LSuaklm1oyma2vRgav8e8m65Jo26aQduosxCssdeyDEsPZsxu6c6dOnXLaMbdv205b9m5WYjUhNafWoW50W2kD3xjDIjflVVI3npLNJ9W/sJ+j5VBbN6EWoY4ToG6062kNC2oQX23xhl4bhXQNqqPkbokQ3zlOR4w32+TK8nqqvVviMO2nU/Qvv8+jbtVx1f50ylNFvgHfeHqVevToSStWLHdMj/2t9ryxploaiD2JcegegUUGj4CrPiIzbc+IDd5Ia6myUiyVWbW85476t0G1N1CH6lFJKhuqo4nv1qK6LIbRftC+8d6aGN5Gmzk2WRfDT9Q/7CM8PqLqRjH8Dx1UrfFKmNsXUpbAEPJg6NSiA27LcWqr35JGiWmntXl9RH/2D8R95G1h/Ut4cczW1dMWaadO44Orb3IviN1iuHLlypQkSRI6evQoJ3fOli2bQ4+HxPu9uvbi9xXULSkluytDg/X11M3HGrgBmvIZfc4eJVPgwT1MB+iqkq87lMSuSw1NhPAjWkCz2ZOEG2NxKsVxfkH0Vt0WL9Me9Y1N5EUv6DmVo0qhjg9P73k6a1EMw6t9UX3qpv4FGwPgQro8MMhmnro5rl+7jrZt20a1a9e2b499kRYrHKR5UeCkhqM7I6sSw/osZIixQ1+gMBd6SK5o24IiVrwu+Pwdu8AMjzXRL3mjGcesZttdIYMXoRj3NuwDboxn1fJCO//CEamMajmjlsfa3+nVYukByU1t26wWPrut/V4PzZOl807bNxyOeHhQlAxx29ZAfJneH83CPbgY4REwb8/5lWzcoiSv/lTElOuqAuBpThL1D+LTXAz7cYA3fnquKJ8XOstllQC1RopQlZ2oK/1PVc/4IdY9UqJ3L+1SVcybnzBVoqohPi/IgRClrB7nvU1yQpu3xUv3TKuXqLMZuKduneta3Tf0Bsiiqb6rtfss2t/o/z/Xti0Uxr6fa+fx2ort0fHVbEYmrY3f09riOzObhv3d12xUCif/lg/Qcxel+oYHtee19/AlJdHK9o2JDX2lrUPZJlbLMe1alrBg3721epJMs6NuFrb5T7Ov5pFZr7V7D3xR6UzawAPtb6y/oNWdpNr+7RnQ+k6rRzjHbNpi6f6RSavn5jzS7g3pP6w65pJiOFGiRNS0aVNO7IxBHjNnznTo8ZBq6ILvBfaqllIy0xrw0maLQHczqWop5jc4/J1Ztb5pNJFDL+qye9TQkgxC9wW1pDbsOX4vcuOxl8lTHRtiGaIYjznTcm18D27YeKT7sZLs5qES15X8fqn+ZVUKyZIoILbfmSinOu61t5dp/PjxlCtXLrvlIw3hFQZe2gLt8bda2ms3kjFq6awJY4jTc5oxQePtayLODAVD1Fotv2rGTaeNdoNCTPKXJjccbN9dLSPUMkT7/I2J6FysljJR+JFB2rnM4J7Ne/JqxyoZzvenkyG2677Z+vzaZ8VMe4zaTdLPwn4aq+WiZnB1gb9dLb3Vcsus9bfWjpnQzJAjDGy+SfkAzNfwJyGuxqU9AubtGYPlsqiaf0tVhHfqXxyTtgEBjLABhC6d5VCot9ze3othH94PPo8qsAfZIuiuwrHNQ6NgQ5Ah4g8ax4LYXAzjO7Yex+FtPiwvHUQdElos0uqcTlmtvZiexmmt/R8zWYfL2FKzGabDSzppwmcN9yYohIMdAnKeBcGN8IYJJp1QtIehFs75jSZOcmmd7O2a7dIFDT4rToZ44Y1q+UITZoOc+FtiqXfYYn2DwP1BLQs0e0ma0B2ulpWaqNVtIgZyf6wWjCndo5a9Jtdggmbfx6llMoUciIaOCsa+mD7pPKiWpibfNQW2+SO1fKrdc8B67d70u3Zf3BXixk40VbO/UQWdvW5s+N5TR7PrujBH2SzV1rW1sI/m2n347IdVx1w2m8TQoUMpQYIENGfOHPLy8or0fjDr0sqVKznQ2xqLZy/h15JKCTljlDk8uMhz+oYDIF5rTspbSgve4NhGUyFsiiFMojbf0I/S4VCfF6DCHDfoo3mzTEEcIwRBCqvuDgN6CMbls5dp8+bN7GWLStmG6LHH1YSuLqymmvXgcTPpo3llGmkGI7VmpOprje9/mrFYyG4/w420qdbbNu+9ttRuTohN/lnzzvypbf+XdoOaqhkx9OJ7RPHC9tVuZhk18eqlrbuqliZaj9sas9TynVrSaue0QTOUn2hegs+JKDiS54XBPe20m8FEbd/zNHG90Oym/07rTMzSrhHOYZ12XXDzr6v9jgiOJra1rtgDS+0ZA+heqzvjf8bHCoZYXoQjoROJBa3Rz6SjiM/vqn/28ArbG9gCLM9ZUUYNh7Z5a17hYJN6VlzreK1SS0cyDKhtooll0jrECDc4oQkGCENc4qpaO25oJqZJ89g204QK6vwktZTTbEgXC0J4qOYJnqbVd9ipgZr3NiyKa+01oebFw/vvw9je0b/Fknc4Gkb9O7O9h1nf8IBojnYfQB1brd1bBpD1LEbztDrYSHOOVNPW91fLaM2+6zZ6mFqeavZ5mR1+yBBNLM/UBPVwTaw31dZHlW+0e+oirTNQT3NGNTNxfLTTXi39nkvafQBhjhliRh178eIFrV+/nsaNG8ev+DvGeIYBvBOjR4+mAQMGULt27Wjx4sXUsGHDiN80EiakFi1acBxy7969qUuXLiGyVKAgN/9tSMSfh11wjucuRyre4lmv9LjD66yYDLG8YQGhjEFAluIJc1FefqR6QVnJ7CZulbeqll9WLamqqsG3WBlZJ7s6ArzKPjd96c6dO3TixAkqWbJkpMrWYo+9mWaccmpeSVOeao1zMYV87PStdmPEjeozk/XYtpXmnZmr9XhN99VCMyqmXT8ITqSYOaAWvaixz1Ka1+UmvX8kGRHOasISHoltZHh8RtpNLoHmMZ6pecIsMVHbDgYqq9lvLKcZoWuaRyqibNVusPCIdzBZX03zLp0wWbdCLTsJgaUGY6h3l6toHuoemoGeGjGPgK11JapYa89oD3vVD/NXcjcjx88YBqmhYwnPKLJMwGN8TbUUve1g22D1uSuKYZznU3oSop1HFoe3eUte4c2a97ScJir0O1FNra7+pdXFDppnD5648SadadI6iu01D+x0rcOm81Krw6aZHFpq4hXeQPR5sml2YozWXnFOmU3qexYKf+YyD82OQWS4W7Bp5jjyt7iQd9hZ7T3M+gaxu5wMA7Q30funXzU0Qfin5iU2x0+rk5VN1h3VRHIO7X6jh71U1uxobe3e8imFHXoWHq+1/eve/oJqSaM5gX7R7nNRoaD22xKatLc2Wt1frnmCK2pluF9zfJgOFtUFcpuYUce8vb15m0uXLhnXITHDihUrqGjRojFDDHNHrH9/unLlCk2bNo2aNGlCnTt35kTxHh4eNu8DKdrmzZvH+Ub79evHHmcUWp8+fcjT05POnDlDAc8CWJiG9ygUo7utDVCppayZeczwv6oFJTZrbYgLvsjuATf1nY9NHJkP+TV1OOcArzJi/u6oWgpPVnyTR6gJ1F8QxBhMV0e1Sv1xMOKNIYjhdQ5PDMPbhFHtd97dotu3b9OBAwes3hjDK1uLPfab4Vywz82E8E2tl57TTAgbCsNwc9mueZXMJ9TqbPZ3Ee21jIkQJu14+TSx+SiSYni95u3qYiKEdbpqxqWYle8Gazf+AAodA4xzy62J4aeRbEi6cYZXBI/EPLW/U1q4HitMvCDmz41aad50eLwnU4TixWypK/bAWnvOpFQO2idChEproVDoUCIzQwb1KWLpM6kLj3U1tHaJeGGIREuCc4m6M8ax8mDtBWetCB2AfkVdxCV8R7VMG3aLhuQQ7TNmfdG5R/9x5xbhE4j5De18PG21naPz3dxMsTm8zVtinfb6Pwt3oW80cQGHNUKG9mpt0rx44mj1caNWb/uE0/4TavvcTIYwqmyaIH+u2Z3MFtotOrGBdqqcjv4tYXmHnRzX6az2HmZ98zKpYwlDlwl3OiyRy0wIk+bB1/dlHv8Nu95AuwfhXtQ4Cj+mCYUOe/lM8xjDg/uKyMq4XdvoY1YWbtq6zVp5tdXWtdG84KiLvU3uUxDDqbTOm4vXMXiAdSFcokQJqlmzJu3YsYM7+1h/8uRJDsmNEWIYTJ06lePYBg4cSLNmzeKlQoUKVKhQIV4CAgLC/L7554GBgTRhwgSaPHkyNW7cmMqXNwTipAkn1RnxU4TXHMpg0SNlIe3avxYS6CJuEFPAlqEKHK/3vkP4WrtZJQj3PHRv8lv1L77Z9giVgGcY56nfxBEigRjCJDZ2WVOqf/BcHz58mK5evUp+fn6UOHHiCJctOjPDpw8P2WMPTwznC3VnN1DayvbFNY/qOQufeVp5DpLRwra6gXkXyYp63sQwmpMuHI+Rm+Z1BT6al/m6Js7xSOqUsZJFjvpaZ+KQdn75NI8ANF8lMytwRntF3PMCK/t7rp2nSexw+/btqVOnTpFuh6grqG+7du3i3j2MWbx4ETdPly9fttieIWrRBm6aBFnjaQzaiJvW+4KHeB/t4kGuiLv1VT8SIjqhSdYVHYQ5WQupemolsz3a+GMKiNDvOWQhGTUG8hZVFb8cVWTRbw6y3lg7TkIro0Qd2uYtcSGM9pLL5AmIPuFFSbIc1FdA6+xd1LZzC6P9m3YM35q12yJWbEIhrd3YgwsO/i0Uvne4V69e7FiKDG/fvuXZHCE+nz17xgLDmrB1VnsHW45ssVzfzmqvRS18KZW27S0Ln+UJw75buw+V0cTw+SiK4bIWPWAGj+5ezWudOwr7t3T+xczutbrn9xfNW9zbpC36a51Ed9evY9B2uhD+559/uH5h/2XLlmVBDGFcv379mCOGudMxYAAPqIPyX716NR06dIgX9AyQjzhKnfX7940iNTzgte0SgcBS02wS8Pwi5RJiejHaO6NZokpdqL4KFTBm2fMEr5S7hS5iLtVSIJb1UAnESSL3aJ0I5PjRc62ePWuwJpEt45s3b0Y852PiUO54A8mtusoNo2+fWOw1WP+OvXlqdoOKKPD8Ir7tiMk6eCDKa8b5UhTODZdzBxkeza7SbrZYpmgdg7H0fvBHgIkXOSwCTTwsS4izvgwbNixKRYixAVFtz6adztCaIKdqCRf46QyelED05jS5syAcAmIYHUkMWMXTlwqhXEQGGlDTUJlidCZxgYYGecg/iWA+QdNsEgiv+ps2cjYYxPmmstKBL6HueJY8xi7V5m1tL0+MvY+wLrZhf6/MvF4JrHQ8dS8XeBzO/u2ZI9jRv4XC9w6fPn2aHx3bg6imPrVXe3eL62a5vunXNpGN9xoKo06Gdx9KZlavI0uKcM41MMqGMTSJtHuiaSgtnlDCubtbE8kQ439pn7WOGXUM9yRQo0YNY0cLr/gbYtg0dCLGiGH22uTMSQsWLKAZM2bQnj17yN/fn2eYgiAOC7jC1659H9qACT0Qezx27Fjucfz8889afUhs93M2zSaB18+oPc2l6UpnLFMdrw6Uhd6He2TQ3JV4vJkpjOf0EMsP6B6lo/TG/KIhL2h8jjtGGjWESuBxKm6eeSMws4X+iBdljrR2SMZfuHDhCJctMoFwj70KRT7nYzIzkWYOgv6fhXODcQbJzIxmRIARQkf6ptYjb6R5M/T+UgsrYvhdGJ5bS56QEdoC7wVGKyN2DIM04NA9SoZ4uGRkiFu7RbalmlPXNUG+BPT6/GsqUKAAtWrVKlLtEKA3j979vXv32DPJ/Za4cfnxVsWKFW0qyn379nGP31J7zq7lhoN3+BlXGrcQ8cC6Fxi5hdF231GQXWJyo4JpNokU7BNOTQtoJi2nRcqCfGFVEEcUp7d50/aSJswCCClsLLWBx5qnKjKPj1OHY1+e2/ViOva3hNNO3Uu508sjL8Nsp+bgsTfakz5ICSGKeLSMpwbFixc3zgkQXe0dWgDeZX7Cld3Ktb1vxdv7wJq6DuPaWasnj6x0dN5FsE5ZE9P6caOa1OaZhfaGNhhEoVP7tdHEMMaxIB4aoU14glkqZtSxDRs20KRJk2jnzp3sEdY9w/gbmE/qFmPEsA6Cpj/++GObt9cf3VoLstZnXXphV6tnzf4n5zzFK2mJqler2MushzxArMLrc4KOUXEqHSpOUAdxyBj0kz+MJJP4DCmXfNVNHSES8H4ljEASXd07jQpdpkwZypo1K5dbRMu2bdu2NHzEcHp76C1xdElkBLH++PIfCv3oECA90VsiJ419tA56zmiXGIxW1YKhhAMSAzdWWPjuLk0IV9O8teZct2BYE2hGDOtMH7m+JEOuTPP941Ev0jwhZKOAtvQkwwAlxIod1sRwIc0AHiYi834myn+i5r1o/f/2rgc4ivKKvwshYk3kvwlWREdqgkgR0CISRqEQhBLQArYUlD/SljhU6mj/DO1YGwqjgDNS20JFRQQmUqhF2lpL047YICJlJghEBlthiq20QBIN2iSTP93fd2/DZrO3t3u3e7d3937MTsjd5W5v9/3e977f9977OFjW7mvLiRY1iJWUlND8+fMtnVc0WwGQ64UDwOBYXl6uusns2bNHBWlImYoGtGGEY7XiMzaaAAc/1CJ9rNTka/+MqUN6fjCeRxCKlZfPWjZyTh4wCR6vTXPhK17RfMh8Whxxx0k3SDjnb2CuVFu8BmLQJB6Mf8ScP8QDdjeL1/6PrHu9OoG+hI7J4BLTc/ArRz32EX5+Fzto96L5b81ReWpEWVmZ4l5WVhYtXrzYVb1OoviO5fTCokJre0PKAXJhsbw/xvyHPOG/1OH1g19EDIWVO6t0er25k645dTcIOs95ugAADuhJREFUHRb3IiLAiXtNj4GaaMd3BVHc7gjvY84v11cjzSlL08NqrxJNxvB4Myd1bAyTKgS8UIGRGmHMGcbj+D2lg2G3aGxsVJWDyGHBTTLjyiuv5AlZQ0LOB433sXMUgtW9GrsmqV5V4Vw+NOR/k97Q+LtbBc3mAh1UkFdpf4UBfZRlchGr6Bz8HtaYhbzIaeQuf+dTNX0ktfGJmjg2NMR0beHQ7rv3PuXgaK32wM9iuGAQzIvZoaELhXF8hoL5E/7/zCQbGi4xcqyeY6XVuNz1HA9+n7dRhiMpEgie/25QwY3XBUHvG6agdQN1bTP3Z772cPwPWSjrRBd7TM7mYBjX9VaTOoziicd44sHpwbk/zqULrRdUXlbv3r2VUmPlAKPZihlwiAhsS0tLVYCFItrBgwerXEM7ROMzgl2svtTSOTXpNEPv1Q11+Grttyxfcmriw0jtvPW6gLe1UXg03Rb3eyac82gVtY2fn0qd0wCeZRsexWoVMj7QoQWx0VJTsLoiTv5j4prPA/47Jo7iPGodvk8O87jdJpD1+7vYwClPdaANFTiXm5sbUyenRPHd1t70Hup4rNQgmDRykOemVSX84tP8XrNNCi0C4dcoXJA80eCflezJn9fD8NnP2nyOnqNrvDVPsaJ7L8XfDBfvVWII1pGOs5r/bxZyezBPX6BwO79uFq8JsI1BXcbzKJZDAIxDV4TxuLF4LiOC4YqKCtvnoYAA5yOumXiPL9JkVbWOAruhNExtwkEq5rtDO4tzdFQLY6FOoUgGO0yhlyiC2uNUo8Uzl2q+8qsRt4IlCnecQFspbBuLJdbBUdq1mVHPazJ5eXlxXVsAhY8vbnmRWra3xL5X/FpWir7D6slEHqRepPBmHGMuBmdJw+fYiT1F4eI0dLZAXLaXg+GBdLEQwQwsKV/GCi5aOd3Jzg8OFu2UkC7xoWlgvpuvxUL+rHz++1f5XN4zvPab7NBW8vsUs6K8h1+PAGC8YQDZwQExlOxFrEhAPdjIHmP1RSXg092fKkcUrXrYia1YAQ5y69atqmZg+fLlyvHZbQoRjc/YnfGIunDtli3T8BhWXtBWrcTjvXQRvNptl4w0iOIucrwVQir3+HktoqrSbjrym427ZqJG4BOb5MV+2szHvIOlr5y/xtIJhm34NxwMY6DHsvZutj+ob3r3mMdZucVmCMeYHx9xMH2Ag+YlMd6U7hwwLeCAaRmFV3GqmLc9KXJagxHgn148haLeSOnzfn4XG8XOKU91tRVcg1oXa0vTePiOzwTPnfDd1t4K2Fd9iwUDXOvLWeFt5AmMUwUePhIrab9gX1nGPv0wPwZ/+iRd3PwJPhhZRlhZ+BLbMharKjgI72YjjNzJ54z3/yPbxkAe/+LFe3w++nj5PNvjlzlINmMujx1/5TG4ILVsDO3TkE5RWVmpcoQRCE+cOLFLIJwRwXA0IC+ub+++dL7uvApEvdhpKhpQrIKA+HfaSAAVeIEWrSCAhRJ8tzbtrNYivAO0Txvm/mTw2Tk0nEaobZqdFPsN0cJsBMMIhLtb7qkYYbalsRGFOtnZ3WnAgAGOBkhXM/c5MbxJEQdu3+UAWO9y0IudxnIiF1/RPzzGCuuTJsc1gWfWkYoj+rPDQ9uen/OhprDsiFrYeb3Ojoz4e/+HndnjuixK4Wbqu0zBMBwpUiG+TeEuEc8Y1Cw4wScMzhnKw0usDD9PnScwRRw4jLNWApTQdvvtnl/WGTNmqLaK6CSDIlrUDsTKZz0HGJPEqyz6USE9AsHiOTrreX/hWu2Mam0m3SiqdRYMk5ok36bNotA7+TX6rSrW1XFWM4yzXXJlOl8DYzDsO+cjqcMbOXAx9tWF/c1iO9M5fR2rqd/jYEIfA/M4cERLsnhybKezT0EP8HKDKgYOYFWl0sF7/JDPBZPf/RzsWsHv7+JAsYvGU3CsublZLVvHEqTEC3ymU75Htbd57F/X8RiSxYExVPixLq/1KvalT/KYo2MEixjmmtWtHDTDHg7xY3dw8BxplfDrFO4b/QMDH6axj/aiPGAzj01lBjtfSta7LQK38DiEmpWvpaaNIfDFikNUiaHdbruhDAFyTUAkVGDfGqF6PBnAUi8GT6jBGNQTsWQL9XkX/Uq1s0O7LBUDFRU5ToaPNAtUeV2I6g5S7MV0xOooOiHorXF6BNCgWvkca1khyHf4d1AXaihcLIHv5iQ/7BNWmJD6WkjRO2V8SOEd8S7jc7Or5m9mJ1jPg8CgzkpA1qgs1ZZs6dKlygFiSQx5Yn4AlcHXXnutcmwouLGa2Qedz0FF0jnfxHxpYDXNroNDHb+2J7/npR7z9n229xuo8xbvzpSE8E6WedS1GCnR3yVGnqI3a//+/dXPkydPqmLKZMAN3yPaW4uN3NfMKidWAd52eXJtBr94jY1aava5g21e+xJPhr7PB/KZT/PkyQ99robHDid2jknDvyjcGrBH+tiYGYHdjjmRwBIsgOK0lqhNGxMHKMDojdpfi6YSlbv4Dm9HhnwtHXoeZrxKkcpPXRvnCWIpdQyrlD0CalB6X8hiF4GwzsYb+e+cFkrAkX2BP8+JiQzg9x9B0dta5RjOZ1BXJaCttU0tQ/mpCuuAw0RhF3pPVlVVpSSfg4qkc/4SVsrGUvRWZjA15LIP8SF47MYTxFtiCIR1le1qh4Gw398lRp6CW+AYuJbMIMUN3yPa206exD9t8Qd/4KB2eIxRUxHfuwIHr9d9boGLzwD9RvsUCBOPF07s/BCLLV+JPN6mqo1JMGyBqVOn0sgRI1Xf0UOdGr1mFtBXFbnMaFGC5Q4dUIniBfK6srtnh4uwTgX8QmCF+Z8ujnMZZiinuuaHQQmIVjkcL4YPD49c2HFI+CycF3jPU51bOteSCad8j2hvmFxh1WENB8a6v0aR2jKe/CxOsXva5HJswtHs8jMwoXiBwjnzKFhHutI30tPGjMgWj0EUCoVo9ZrVKrEaOz4VatOmXo6n9+mCdtobqtR+tKs2JGhhB/Tp00ctacQLTzpLJArIz33TxevRF3hz5lhKonKFzSgsLFR9xZuamoTPwnmBDzxFhT445sVkKFF8t7U35Oc+ZBH0ot4EOeujU+ymQql1W9eL4rdhLl6P4Be563oNLnKlr0tPG5Ng2ALoOTdr1izauXOnNomsoPu0KVGO553Pg4u3tOjvZPs/VGslbHetY+zYsZ59hqMq8yAAxQofuXh9vwwiyqnkqMIAGvRjx6poG+0In4XzGY8YeXr+/HnHHAsS3yPaG4oxsS0BOu3UcMSjb0f/mQDdLxRZo71ftKyBG/l1rmalMZwPiriRP3+bzYQhDWzMCEmTMGDTpk0q7+Uc/VftEtdETRnxvdGK6Y3QX5SihlY22PlFxXj9+nVaOo0XnuYO+wnMootdHEWZw5FE5woLn4XzgvTmqZewtDcUNKJhAQrTECCXBiwQBq7gsSRaMHy5y7EJRyz571jtfIhslfN0szEJho03NzdX7Zeen5+vTXrepy30LNU77rqemjgSqqZfhyqorb2Vxo0b11FEg0FyypQp6qeXkDzCFMap5KnCeqAGNcG8k5XwWTgv8IanPXv2VBzr27dv0r+GW76LvYmNSTDsIXAzDxw4wIrSWdoUeobeoqq0q0pHU/5XL9lFv29/RRsU29SMbsKECR3PT5o0KWqzc89m7oLUmCwmWQlAkReW144fPy58Fs4LfOApuAWOgWvJRix8F3sTG5Ng2EMMGjSI9u3bR/fccw81tTfS61RJv8z6qdoqGQNqKuMM/Ztev6SSnsl+mt5pqqbs7G40bdo0Gj9+fMdrRo0a1SmH0GvIzD2zlAAvJ6rA4cOHhc/CeYEPPNW5lUhee813sTexsVggBXSRZj65ubR9+3YqKyujBx54gN5991212xOO3t37UJ9QX8ptzaO81ssD/T1C2h3+OPtjagh9TLXt56i+sZ701MkhQ4ZQSUlJx8wOy6MoPPKygMZu5i5V5qmlBCSjg4QRxcXFqtjr4MGDqim/mx6V6cJn4bzAL56CU+AWOAauJRvx8F3sTWxMgmGPgdyWmpoaVYyzceNGOnLkCNVdqKW6VMk9bOGDgfwrDIjDhg2jq666uLMD2ikhX9DYeN9PdKr6RVPybmJrgUVr8lVhALtQYUONLVu20IoVKxQfM47PwnmBTzwFp9ra2hTHou34lgp8F3sTG5Ng2AcsXLhQbS+IWc2OHTvozJkz1NDQoNq/BB1IWM/Ly1MHiomMwGOYod18882UlZW4rJlOM/c1Yl9BR5v2L5mqsA7saQ+FF3aDpf4ZM2ZkHJ+Dwvk5c+bQzJkzVTcKDI7C+dTl6e7du9V9ycnJURwLCox8Ly0tpenTp8sYIzYmwXCygYFj9OjR6vjggw/oxIkTdPr0aTWI4mhubg70+cMI9QFy4MCBdP3113dSihKNRx99tGPpq7q6murr68XIAoybbrrJtRLgxyRq1apV9Mgjj9C8efNo27ZtrgbIdOJzsjmPTTpmz56tbOHBBx+k+++/P2rlv3A+eDxFkDJ37lyl2IFbfhRResF3nKNbvgfB3lAwhsk2+ALuFRQUUHZ2tthYwBBq1yDuQ5BsYIvGzZs3y4VIAUBRTXbxA3J/N2zYoALaRYsWqUEPwZ4gcQBfFyxY0PE7AmEExMuWLVNFi8L5YPMUE7/y8nKl1iFIWbJkCa1fvz6Q38ULvifL3hCE79q1q+N3dFEYOXKkmoT36tVLbEyCYYFAIIgda9euVXmBuoKLbghDhw5VhyiO/gPXeN26dV0eh+p111130cMPP6y2XkX1eF1dnVywAABL20ePHqVjx47R/v371WNYPVi5cqVSX4XvwpNMtTFJkxAIBCkJOFYUYiD/7OWXX1aOFweK5NDHUpB84D7s3btX7kdAYOQGKvp1/gRx2TqT+J5OPElVGxNlWCAQpDygrGAwQe7vhQsXRBlOAKyWf5HPuWbNmo40CdwTUYaDAyzLo80gcldR+IQ8VuG78ERsTJRhgUCQBoDDnTx5slyIBAIdOQC7AjoMhsnqPCIQvgtPBBIMCwQCgcA3QJ1DWzqnrdUEAuGJ8ESCYYFAIBCkDSoqKuQiCATCk7TA/wHD5TAuu6orvgAAAABJRU5ErkJggg==